Component: ARM Compiler 5.06 update 3 (build 300) Tool: armlink [4d35c9]

==============================================================================

Section Cross References

    main.o(i.main) refers to interrupt.o(i.IntMasterDisable) for IntMasterDisable
    main.o(i.main) refers to sysctl.o(i.SysCtlClockSet) for SysCtlClockSet
    main.o(i.main) refers to sysctl.o(i.SysCtlClockGet) for SysCtlClockGet
    main.o(i.main) refers to led.o(i.RGB_Led_Init) for RGB_Led_Init
    main.o(i.main) refers to timer.o(i.TIMER_Wide_0_init) for TIMER_Wide_0_init
    main.o(i.main) refers to switch.o(i.Switch_Init) for Switch_Init
    main.o(i.main) refers to display.o(i.Display_Init) for Display_Init
    main.o(i.main) refers to sensor.o(i.Sensor_Init) for Sensor_Init
    main.o(i.main) refers to interrupt.o(i.IntMasterEnable) for IntMasterEnable
    main.o(i.main) refers to display.o(i.Display_NewLine) for Display_NewLine
    main.o(i.main) refers to display.o(i.Display_String) for Display_String
    main.o(i.main) refers to display.o(i.Display_Decimal) for Display_Decimal
    main.o(i.main) refers to main.o(.data) for Led_Color
    main.o(i.main) refers to display.o(.data) for Baud_Rate_Read
    led.o(i.Led_toggle) refers to gpio.o(i.GPIOPinWrite) for GPIOPinWrite
    led.o(i.Led_toggle) refers to led.o(.data) for status
    led.o(i.RGB_Led_Init) refers to sysctl.o(i.SysCtlPeripheralEnable) for SysCtlPeripheralEnable
    led.o(i.RGB_Led_Init) refers to gpio.o(i.GPIOPinTypeGPIOOutput) for GPIOPinTypeGPIOOutput
    led.o(i.RGB_Led_Init) refers to gpio.o(i.GPIODirModeSet) for GPIODirModeSet
    led.o(i.RGB_Led_Init) refers to gpio.o(i.GPIOPadConfigSet) for GPIOPadConfigSet
    led.o(i.RGB_Led_Init) refers to gpio.o(i.GPIOPinWrite) for GPIOPinWrite
    switch.o(i.GPIOF_Handler) refers to gpio.o(i.GPIOIntStatus) for GPIOIntStatus
    switch.o(i.GPIOF_Handler) refers to gpio.o(i.GPIOIntClear) for GPIOIntClear
    switch.o(i.GPIOF_Handler) refers to display.o(i.Display_NewLine) for Display_NewLine
    switch.o(i.GPIOF_Handler) refers to display.o(i.Display_String) for Display_String
    switch.o(i.GPIOF_Handler) refers to timer.o(i.TIMER_delay_No_Int) for TIMER_delay_No_Int
    switch.o(i.GPIOF_Handler) refers to switch.o(.data) for color_calculation
    switch.o(i.GPIOF_Handler) refers to main.o(.data) for Led_Color
    switch.o(i.Switch_Init) refers to sysctl.o(i.SysCtlPeripheralEnable) for SysCtlPeripheralEnable
    switch.o(i.Switch_Init) refers to interrupt.o(i.IntDisable) for IntDisable
    switch.o(i.Switch_Init) refers to gpio.o(i.GPIOIntDisable) for GPIOIntDisable
    switch.o(i.Switch_Init) refers to gpio.o(i.GPIOPinTypeGPIOInput) for GPIOPinTypeGPIOInput
    switch.o(i.Switch_Init) refers to gpio.o(i.GPIOIntTypeSet) for GPIOIntTypeSet
    switch.o(i.Switch_Init) refers to gpio.o(i.GPIODirModeSet) for GPIODirModeSet
    switch.o(i.Switch_Init) refers to gpio.o(i.GPIOPadConfigSet) for GPIOPadConfigSet
    switch.o(i.Switch_Init) refers to gpio.o(i.GPIOIntEnable) for GPIOIntEnable
    switch.o(i.Switch_Init) refers to interrupt.o(i.IntPrioritySet) for IntPrioritySet
    switch.o(i.Switch_Init) refers to interrupt.o(i.IntEnable) for IntEnable
    timer.o(i.TIMER_Wide_0_init) refers to sysctl.o(i.SysCtlPeripheralEnable) for SysCtlPeripheralEnable
    timer.o(i.TIMER_Wide_0_init) refers to interrupt.o(i.IntDisable) for IntDisable
    timer.o(i.TIMER_Wide_0_init) refers to timer.o(i.TimerIntDisable) for TimerIntDisable
    timer.o(i.TIMER_Wide_0_init) refers to timer.o(i.TimerDisable) for TimerDisable
    timer.o(i.TIMER_Wide_0_init) refers to timer.o(i.TimerClockSourceSet) for TimerClockSourceSet
    timer.o(i.TIMER_Wide_0_init) refers to timer.o(i.TimerConfigure) for TimerConfigure
    timer.o(i.TIMER_Wide_0_init) refers to timer.o(i.TIMER_reload_calculator) for TIMER_reload_calculator
    timer.o(i.TIMER_Wide_0_init) refers to timer.o(i.TimerLoadSet) for TimerLoadSet
    timer.o(i.TIMER_Wide_0_init) refers to timer.o(i.TimerEnable) for TimerEnable
    timer.o(i.TIMER_Wide_0_init) refers to timer.o(i.TimerIntEnable) for TimerIntEnable
    timer.o(i.TIMER_Wide_0_init) refers to interrupt.o(i.IntPrioritySet) for IntPrioritySet
    timer.o(i.TIMER_Wide_0_init) refers to interrupt.o(i.IntEnable) for IntEnable
    timer.o(i.TIMER_delay) refers to timer.o(i.TIMER_reload_calculator) for TIMER_reload_calculator
    timer.o(i.TIMER_delay_No_Int) refers to interrupt.o(i.IntMasterDisable) for IntMasterDisable
    timer.o(i.TIMER_delay_No_Int) refers to timer.o(i.TIMER_reload_calculator) for TIMER_reload_calculator
    timer.o(i.TIMER_delay_No_Int) refers to interrupt.o(i.IntMasterEnable) for IntMasterEnable
    timer.o(i.TIMER_reload_calculator) refers to sysctl.o(i.SysCtlClockGet) for SysCtlClockGet
    timer.o(i.WTIMER0A_Handler) refers to timer.o(i.TimerIntStatus) for TimerIntStatus
    timer.o(i.WTIMER0A_Handler) refers to timer.o(i.TimerIntClear) for TimerIntClear
[...]
    libinit2.o(.ARM.Collect$$libinit$$00000014) refers to libinit2.o(.ARM.Collect$$libinit$$0000000F) for .ARM.Collect$$libinit$$0000000F
    libinit2.o(.ARM.Collect$$libinit$$00000016) refers to libinit2.o(.ARM.Collect$$libinit$$0000000F) for .ARM.Collect$$libinit$$0000000F
    libinit2.o(.ARM.Collect$$libinit$$00000018) refers to libinit2.o(.ARM.Collect$$libinit$$0000000F) for .ARM.Collect$$libinit$$0000000F
    libinit2.o(.ARM.Collect$$libinit$$00000026) refers to argv_veneer.o(.emb_text) for __ARM_argv_veneer
    libinit2.o(.ARM.Collect$$libinit$$00000027) refers to argv_veneer.o(.emb_text) for __ARM_argv_veneer
    rtexit2.o(.ARM.Collect$$rtexit$$00000003) refers to libshutdown.o(.ARM.Collect$$libshutdown$$00000000) for __rt_lib_shutdown
    rtexit2.o(.ARM.Collect$$rtexit$$00000004) refers to sys_exit.o(.text) for _sys_exit
    rtexit2.o(.ARM.exidx) refers to rtexit2.o(.ARM.Collect$$rtexit$$00000001) for .ARM.Collect$$rtexit$$00000001
    rtexit2.o(.ARM.exidx) refers to rtexit2.o(.ARM.Collect$$rtexit$$00000003) for .ARM.Collect$$rtexit$$00000003
    rtexit2.o(.ARM.exidx) refers to rtexit2.o(.ARM.Collect$$rtexit$$00000004) for .ARM.Collect$$rtexit$$00000004
    argv_veneer.o(.emb_text) refers to no_argv.o(.text) for __ARM_get_argv
    sys_exit.o(.text) refers (Special) to use_no_semi.o(.text) for __I$use$semihosting
    sys_exit.o(.text) refers (Special) to indicate_semi.o(.text) for __semihosting_library_function
    _get_argv_nomalloc.o(.text) refers (Special) to hrguard.o(.text) for __heap_region$guard
    _get_argv_nomalloc.o(.text) refers to defsig_rtmem_outer.o(.text) for __rt_SIGRTMEM
    _get_argv_nomalloc.o(.text) refers to sys_command.o(.text) for _sys_command_string
    libshutdown.o(.ARM.Collect$$libshutdown$$00000000) refers (Special) to libshutdown2.o(.ARM.Collect$$libshutdown$$00000002) for __rt_lib_shutdown_cpp_1
    libshutdown.o(.ARM.Collect$$libshutdown$$00000000) refers (Special) to libshutdown2.o(.ARM.Collect$$libshutdown$$00000007) for __rt_lib_shutdown_fp_trap_1
    libshutdown.o(.ARM.Collect$$libshutdown$$00000000) refers (Special) to libshutdown2.o(.ARM.Collect$$libshutdown$$0000000F) for __rt_lib_shutdown_heap_1
    libshutdown.o(.ARM.Collect$$libshutdown$$00000000) refers (Special) to libshutdown2.o(.ARM.Collect$$libshutdown$$00000010) for __rt_lib_shutdown_return
    libshutdown.o(.ARM.Collect$$libshutdown$$00000000) refers (Special) to libshutdown2.o(.ARM.Collect$$libshutdown$$0000000A) for __rt_lib_shutdown_signal_1
    libshutdown.o(.ARM.Collect$$libshutdown$$00000000) refers (Special) to libshutdown2.o(.ARM.Collect$$libshutdown$$00000004) for __rt_lib_shutdown_stdio_1
    libshutdown.o(.ARM.Collect$$libshutdown$$00000000) refers (Special) to libshutdown2.o(.ARM.Collect$$libshutdown$$0000000C) for __rt_lib_shutdown_user_alloc_1
    sys_command.o(.text) refers (Special) to use_no_semi.o(.text) for __I$use$semihosting
    sys_command.o(.text) refers (Special) to indicate_semi.o(.text) for __semihosting_library_function
    defsig_rtmem_outer.o(.text) refers to defsig_rtmem_inner.o(.text) for __rt_SIGRTMEM_inner
    defsig_rtmem_outer.o(.text) refers to defsig_exit.o(.text) for __sig_exit
    defsig_rtmem_formal.o(.text) refers to rt_raise.o(.text) for __rt_raise
    rt_raise.o(.text) refers to __raise.o(.text) for __raise
    rt_raise.o(.text) refers to sys_exit.o(.text) for _sys_exit
    defsig_exit.o(.text) refers to sys_exit.o(.text) for _sys_exit
    defsig_rtmem_inner.o(.text) refers to defsig_general.o(.text) for __default_signal_display
    __raise.o(.text) refers to defsig.o(CL$$defsig) for __default_signal_handler
    defsig_general.o(.text) refers to sys_wrch.o(.text) for _ttywrch
    sys_wrch.o(.text) refers (Special) to use_no_semi.o(.text) for __I$use$semihosting
    sys_wrch.o(.text) refers (Special) to indicate_semi.o(.text) for __semihosting_library_function
    defsig.o(CL$$defsig) refers to defsig_rtmem_inner.o(.text) for __rt_SIGRTMEM_inner
    defsig_abrt_inner.o(.text) refers to defsig_general.o(.text) for __default_signal_display
    defsig_fpe_inner.o(.text) refers to defsig_general.o(.text) for __default_signal_display
    defsig_rtred_inner.o(.text) refers to defsig_general.o(.text) for __default_signal_display
    defsig_stak_inner.o(.text) refers to defsig_general.o(.text) for __default_signal_display
    defsig_pvfn_inner.o(.text) refers to defsig_general.o(.text) for __default_signal_display
    defsig_cppl_inner.o(.text) refers to defsig_general.o(.text) for __default_signal_display
    defsig_segv_inner.o(.text) refers to defsig_general.o(.text) for __default_signal_display
    defsig_other.o(.text) refers to defsig_general.o(.text) for __default_signal_display


==============================================================================

Removing Unused input sections from the image.

    Removing timer.o(i.TIMER_delay), (24 bytes).
    Removing display.o(i.Display_Hex), (52 bytes).
    Removing system_tm4c123.o(.rev16_text), (4 bytes).
    Removing system_tm4c123.o(.revsh_text), (4 bytes).
    Removing system_tm4c123.o(.rrx_text), (6 bytes).
    Removing system_tm4c123.o(i.SystemCoreClockUpdate), (196 bytes).
    Removing system_tm4c123.o(i.getOscClk), (244 bytes).
    Removing system_tm4c123.o(.data), (4 bytes).
    Removing adc.o(i.ADCBusy), (8 bytes).
    Removing adc.o(i.ADCClockConfigGet), (24 bytes).
    Removing adc.o(i.ADCClockConfigSet), (28 bytes).
    Removing adc.o(i.ADCComparatorConfigure), (10 bytes).
    Removing adc.o(i.ADCComparatorIntClear), (4 bytes).
    Removing adc.o(i.ADCComparatorIntDisable), (18 bytes).
    Removing adc.o(i.ADCComparatorIntEnable), (16 bytes).
    Removing adc.o(i.ADCComparatorIntStatus), (4 bytes).
    Removing adc.o(i.ADCComparatorRegionSet), (14 bytes).
    Removing adc.o(i.ADCComparatorReset), (40 bytes).
    Removing adc.o(i.ADCHardwareOversampleConfigure), (14 bytes).
    Removing adc.o(i.ADCIntClearEx), (4 bytes).
    Removing adc.o(i.ADCIntDisableEx), (10 bytes).
    Removing adc.o(i.ADCIntEnableEx), (8 bytes).
    Removing adc.o(i.ADCIntRegister), (104 bytes).
    Removing adc.o(i.ADCIntStatusEx), (22 bytes).
    Removing adc.o(i.ADCIntUnregister), (104 bytes).
    Removing adc.o(i.ADCPhaseDelayGet), (4 bytes).
    Removing adc.o(i.ADCPhaseDelaySet), (4 bytes).
    Removing adc.o(i.ADCReferenceGet), (8 bytes).
    Removing adc.o(i.ADCReferenceSet), (12 bytes).
    Removing adc.o(i.ADCSequenceDMADisable), (18 bytes).
    Removing adc.o(i.ADCSequenceDMAEnable), (16 bytes).
    Removing adc.o(i.ADCSequenceOverflow), (12 bytes).
    Removing adc.o(i.ADCSequenceOverflowClear), (10 bytes).
    Removing adc.o(i.ADCSequenceUnderflow), (12 bytes).
    Removing adc.o(i.ADCSequenceUnderflowClear), (10 bytes).
    Removing adc.o(i.ADCSoftwareOversampleConfigure), (24 bytes).
    Removing adc.o(i.ADCSoftwareOversampleDataGet), (72 bytes).
    Removing adc.o(i.ADCSoftwareOversampleStepConfigure), (148 bytes).
    Removing adc.o(.data), (3 bytes).
    Removing gpio.o(i.GPIOADCTriggerDisable), (14 bytes).
    Removing gpio.o(i.GPIOADCTriggerEnable), (14 bytes).
    Removing gpio.o(i.GPIODMATriggerDisable), (14 bytes).
    Removing gpio.o(i.GPIODMATriggerEnable), (14 bytes).
    Removing gpio.o(i.GPIODirModeGet), (34 bytes).
    Removing gpio.o(i.GPIOIntRegister), (88 bytes).
    Removing gpio.o(i.GPIOIntTypeGet), (68 bytes).
    Removing gpio.o(i.GPIOIntUnregister), (88 bytes).
    Removing gpio.o(i.GPIOPadConfigGet), (204 bytes).
    Removing gpio.o(i.GPIOPinRead), (6 bytes).
    Removing gpio.o(i.GPIOPinTypeADC), (28 bytes).
    Removing gpio.o(i.GPIOPinTypeCAN), (28 bytes).
    Removing gpio.o(i.GPIOPinTypeCIR), (28 bytes).
    Removing gpio.o(i.GPIOPinTypeComparator), (28 bytes).
    Removing gpio.o(i.GPIOPinTypeComparatorOutput), (28 bytes).
    Removing gpio.o(i.GPIOPinTypeEPI), (28 bytes).
    Removing gpio.o(i.GPIOPinTypeEthernetLED), (28 bytes).
    Removing gpio.o(i.GPIOPinTypeEthernetMII), (28 bytes).
    Removing gpio.o(i.GPIOPinTypeGPIOOutputOD), (28 bytes).
    Removing gpio.o(i.GPIOPinTypeI2C), (28 bytes).
    Removing gpio.o(i.GPIOPinTypeI2CSCL), (28 bytes).
    Removing gpio.o(i.GPIOPinTypeKBColumn), (28 bytes).
    Removing gpio.o(i.GPIOPinTypeKBRow), (28 bytes).
    Removing gpio.o(i.GPIOPinTypeLCD), (28 bytes).
    Removing gpio.o(i.GPIOPinTypeLEDSeq), (28 bytes).
    Removing gpio.o(i.GPIOPinTypeLPC), (28 bytes).
    Removing gpio.o(i.GPIOPinTypePECIRx), (28 bytes).
    Removing gpio.o(i.GPIOPinTypePECITx), (28 bytes).
    Removing gpio.o(i.GPIOPinTypePWM), (28 bytes).
    Removing gpio.o(i.GPIOPinTypeQEI), (28 bytes).
    Removing gpio.o(i.GPIOPinTypeSSI), (28 bytes).
    Removing gpio.o(i.GPIOPinTypeTimer), (28 bytes).
    Removing gpio.o(i.GPIOPinTypeUSBAnalog), (28 bytes).
    Removing gpio.o(i.GPIOPinTypeUSBDigital), (28 bytes).
    Removing gpio.o(i.GPIOPinTypeWakeHigh), (30 bytes).
    Removing gpio.o(i.GPIOPinTypeWakeLow), (30 bytes).
    Removing gpio.o(i.GPIOPinWakeStatus), (6 bytes).
    Removing interrupt.o(i.IntIsEnabled), (96 bytes).
    Removing interrupt.o(i.IntPendClear), (68 bytes).
    Removing interrupt.o(i.IntPendSet), (84 bytes).
    Removing interrupt.o(i.IntPriorityGet), (28 bytes).
    Removing interrupt.o(i.IntPriorityGroupingGet), (36 bytes).
    Removing interrupt.o(i.IntPriorityGroupingSet), (28 bytes).
    Removing interrupt.o(i.IntPriorityMaskGet), (4 bytes).
    Removing interrupt.o(i.IntPriorityMaskSet), (4 bytes).
    Removing interrupt.o(i.IntRegister), (52 bytes).
    Removing interrupt.o(i.IntTrigger), (12 bytes).
    Removing interrupt.o(i.IntUnregister), (20 bytes).
    Removing interrupt.o(i._IntDefaultHandler), (2 bytes).
    Removing interrupt.o(vtable), (620 bytes).
    Removing sysctl.o(i.SysCtlAltClkConfig), (12 bytes).
    Removing sysctl.o(i.SysCtlClockFreqSet), (712 bytes).
    Removing sysctl.o(i.SysCtlClockOutConfig), (16 bytes).
    Removing sysctl.o(i.SysCtlDeepSleep), (32 bytes).
    Removing sysctl.o(i.SysCtlDeepSleepClockConfigSet), (112 bytes).
    Removing sysctl.o(i.SysCtlDeepSleepClockSet), (12 bytes).
    Removing sysctl.o(i.SysCtlDeepSleepPowerSet), (12 bytes).
    Removing sysctl.o(i.SysCtlFlashSectorSizeGet), (56 bytes).
    Removing sysctl.o(i.SysCtlFlashSizeGet), (56 bytes).
    Removing sysctl.o(i.SysCtlGPIOAHBDisable), (28 bytes).
    Removing sysctl.o(i.SysCtlGPIOAHBEnable), (24 bytes).
    Removing sysctl.o(i.SysCtlIntClear), (12 bytes).
    Removing sysctl.o(i.SysCtlIntDisable), (16 bytes).
    Removing sysctl.o(i.SysCtlIntEnable), (16 bytes).
    Removing sysctl.o(i.SysCtlIntRegister), (20 bytes).
    Removing sysctl.o(i.SysCtlIntStatus), (16 bytes).
    Removing sysctl.o(i.SysCtlIntUnregister), (18 bytes).
    Removing sysctl.o(i.SysCtlLDODeepSleepGet), (12 bytes).
    Removing sysctl.o(i.SysCtlLDODeepSleepSet), (12 bytes).
    Removing sysctl.o(i.SysCtlLDOSleepGet), (12 bytes).
    Removing sysctl.o(i.SysCtlLDOSleepSet), (12 bytes).
    Removing sysctl.o(i.SysCtlMOSCConfigSet), (12 bytes).
    Removing sysctl.o(i.SysCtlNMIClear), (16 bytes).
    Removing sysctl.o(i.SysCtlNMIStatus), (12 bytes).
    Removing sysctl.o(i.SysCtlPIOSCCalibrate), (76 bytes).
    Removing sysctl.o(i.SysCtlPWMClockGet), (24 bytes).
    Removing sysctl.o(i.SysCtlPWMClockSet), (20 bytes).
    Removing sysctl.o(i.SysCtlPeripheralClockGating), (68 bytes).
    Removing sysctl.o(i.SysCtlPeripheralDeepSleepDisable), (40 bytes).
    Removing sysctl.o(i.SysCtlPeripheralDeepSleepEnable), (40 bytes).
    Removing sysctl.o(i.SysCtlPeripheralDisable), (40 bytes).
    Removing sysctl.o(i.SysCtlPeripheralPowerOff), (40 bytes).
    Removing sysctl.o(i.SysCtlPeripheralPowerOn), (40 bytes).
    Removing sysctl.o(i.SysCtlPeripheralPresent), (44 bytes).
    Removing sysctl.o(i.SysCtlPeripheralReady), (44 bytes).
    Removing sysctl.o(i.SysCtlPeripheralReset), (60 bytes).
    Removing sysctl.o(i.SysCtlPeripheralSleepDisable), (40 bytes).
    Removing sysctl.o(i.SysCtlPeripheralSleepEnable), (40 bytes).
    Removing sysctl.o(i.SysCtlReset), (16 bytes).
    Removing sysctl.o(i.SysCtlResetBehaviorGet), (12 bytes).
    Removing sysctl.o(i.SysCtlResetBehaviorSet), (12 bytes).
    Removing sysctl.o(i.SysCtlResetCauseClear), (16 bytes).
    Removing sysctl.o(i.SysCtlResetCauseGet), (12 bytes).
    Removing sysctl.o(i.SysCtlSRAMSizeGet), (16 bytes).
    Removing sysctl.o(i.SysCtlSleep), (4 bytes).
    Removing sysctl.o(i.SysCtlSleepPowerSet), (12 bytes).
    Removing sysctl.o(i.SysCtlUSBPLLDisable), (16 bytes).
    Removing sysctl.o(i.SysCtlUSBPLLEnable), (16 bytes).
    Removing sysctl.o(i.SysCtlVoltageEventClear), (16 bytes).
    Removing sysctl.o(i.SysCtlVoltageEventConfig), (12 bytes).
    Removing sysctl.o(i.SysCtlVoltageEventStatus), (12 bytes).
    Removing timer.o(i.TimerADCEventGet), (4 bytes).
    Removing timer.o(i.TimerADCEventSet), (4 bytes).
    Removing timer.o(i.TimerClockSourceGet), (6 bytes).
    Removing timer.o(i.TimerControlEvent), (18 bytes).
    Removing timer.o(i.TimerControlLevel), (22 bytes).
    Removing timer.o(i.TimerControlStall), (22 bytes).
    Removing timer.o(i.TimerControlTrigger), (76 bytes).
    Removing timer.o(i.TimerControlWaitOnTrigger), (48 bytes).
    Removing timer.o(i.TimerDMAEventGet), (4 bytes).
    Removing timer.o(i.TimerDMAEventSet), (4 bytes).
    Removing timer.o(i.TimerIntRegister), (104 bytes).
    Removing timer.o(i.TimerIntUnregister), (104 bytes).
    Removing timer.o(i.TimerLoadGet), (10 bytes).
    Removing timer.o(i.TimerLoadGet64), (14 bytes).
    Removing timer.o(i.TimerLoadSet64), (6 bytes).
    Removing timer.o(i.TimerMatchGet), (10 bytes).
    Removing timer.o(i.TimerMatchGet64), (14 bytes).
    Removing timer.o(i.TimerMatchSet), (18 bytes).
    Removing timer.o(i.TimerMatchSet64), (6 bytes).
    Removing timer.o(i.TimerPrescaleGet), (10 bytes).
    Removing timer.o(i.TimerPrescaleMatchGet), (10 bytes).
    Removing timer.o(i.TimerPrescaleMatchSet), (18 bytes).
    Removing timer.o(i.TimerPrescaleSet), (18 bytes).
    Removing timer.o(i.TimerRTCDisable), (10 bytes).
    Removing timer.o(i.TimerRTCEnable), (10 bytes).
    Removing timer.o(i.TimerSynchronize), (4 bytes).
    Removing timer.o(i.TimerUpdateMode), (42 bytes).
    Removing timer.o(i.TimerValueGet64), (14 bytes).
    Removing timer.o(.constdata), (160 bytes).
    Removing uart.o(i.UART9BitAddrSend), (38 bytes).
    Removing uart.o(i.UART9BitAddrSet), (10 bytes).
    Removing uart.o(i.UART9BitDisable), (14 bytes).
    Removing uart.o(i.UART9BitEnable), (14 bytes).
    Removing uart.o(i.UARTBreakCtl), (18 bytes).
    Removing uart.o(i.UARTBusy), (8 bytes).
    Removing uart.o(i.UARTCharGet), (12 bytes).
    Removing uart.o(i.UARTCharGetNonBlocking), (16 bytes).
    Removing uart.o(i.UARTCharPutNonBlocking), (16 bytes).
    Removing uart.o(i.UARTCharsAvail), (10 bytes).
    Removing uart.o(i.UARTClockSourceGet), (6 bytes).
    Removing uart.o(i.UARTDMADisable), (10 bytes).
    Removing uart.o(i.UARTDMAEnable), (8 bytes).
    Removing uart.o(i.UARTDisableSIR), (10 bytes).
    Removing uart.o(i.UARTEnableSIR), (18 bytes).
    Removing uart.o(i.UARTFIFODisable), (10 bytes).
    Removing uart.o(i.UARTFIFOLevelGet), (16 bytes).
    Removing uart.o(i.UARTFIFOLevelSet), (6 bytes).
    Removing uart.o(i.UARTFlowControlGet), (8 bytes).
    Removing uart.o(i.UARTFlowControlSet), (12 bytes).
    Removing uart.o(i.UARTIntClear), (4 bytes).
    Removing uart.o(i.UARTIntDisable), (10 bytes).
    Removing uart.o(i.UARTIntEnable), (8 bytes).
    Removing uart.o(i.UARTIntRegister), (88 bytes).
    Removing uart.o(i.UARTIntStatus), (10 bytes).
    Removing uart.o(i.UARTIntUnregister), (88 bytes).
    Removing uart.o(i.UARTModemControlClear), (14 bytes).
    Removing uart.o(i.UARTModemControlGet), (8 bytes).
    Removing uart.o(i.UARTModemControlSet), (12 bytes).
    Removing uart.o(i.UARTModemStatusGet), (10 bytes).
    Removing uart.o(i.UARTParityModeGet), (8 bytes).
    Removing uart.o(i.UARTParityModeSet), (12 bytes).
    Removing uart.o(i.UARTRxErrorClear), (6 bytes).
    Removing uart.o(i.UARTRxErrorGet), (8 bytes).
    Removing uart.o(i.UARTSmartCardDisable), (10 bytes).
    Removing uart.o(i.UARTSmartCardEnable), (22 bytes).
    Removing uart.o(i.UARTSpaceAvail), (10 bytes).
    Removing uart.o(i.UARTTxIntModeGet), (8 bytes).
    Removing uart.o(i.UARTTxIntModeSet), (12 bytes).
    Removing uart.o(.constdata), (128 bytes).

209 unused section(s) (total 7227 bytes) removed from the image.

==============================================================================

Image Symbol Table

    Local Symbols

    Symbol Name                              Value     Ov Type        Size  Object(Section)

    RESET                                    0x00000000   Section      620  startup_tm4c123.o(RESET)
    ../clib/angel/boardlib.s                 0x00000000   Number         0  boardinit3.o ABSOLUTE
    ../clib/angel/boardlib.s                 0x00000000   Number         0  boardinit1.o ABSOLUTE
    ../clib/angel/boardlib.s                 0x00000000   Number         0  boardinit2.o ABSOLUTE
    ../clib/angel/boardlib.s                 0x00000000   Number         0  boardshut.o ABSOLUTE
    ../clib/angel/handlers.s                 0x00000000   Number         0  __scatter_copy.o ABSOLUTE
    ../clib/angel/handlers.s                 0x00000000   Number         0  __scatter_zi.o ABSOLUTE
    ../clib/angel/kernel.s                   0x00000000   Number         0  __rtentry.o ABSOLUTE
    ../clib/angel/kernel.s                   0x00000000   Number         0  rtexit2.o ABSOLUTE
    ../clib/angel/kernel.s                   0x00000000   Number         0  rtexit.o ABSOLUTE
    ../clib/angel/kernel.s                   0x00000000   Number         0  __rtentry2.o ABSOLUTE
    ../clib/angel/kernel.s                   0x00000000   Number         0  __rtentry4.o ABSOLUTE
    ../clib/angel/rt.s                       0x00000000   Number         0  rt_raise.o ABSOLUTE
    ../clib/angel/scatter.s                  0x00000000   Number         0  __scatter.o ABSOLUTE
    ../clib/angel/startup.s                  0x00000000   Number         0  __main.o ABSOLUTE
    ../clib/angel/sys.s                      0x00000000   Number         0  sys_stackheap_outer.o ABSOLUTE
    ../clib/angel/sys.s                      0x00000000   Number         0  use_no_semi.o ABSOLUTE
    ../clib/angel/sys.s                      0x00000000   Number         0  libspace.o ABSOLUTE
    ../clib/angel/sys.s                      0x00000000   Number         0  indicate_semi.o ABSOLUTE
    ../clib/angel/sysapp.c                   0x00000000   Number         0  sys_exit.o ABSOLUTE
    ../clib/angel/sysapp.c                   0x00000000   Number         0  sys_command.o ABSOLUTE
    ../clib/angel/sysapp.c                   0x00000000   Number         0  sys_wrch.o ABSOLUTE
    ../clib/armsys.c                         0x00000000   Number         0  no_argv.o ABSOLUTE
    ../clib/armsys.c                         0x00000000   Number         0  _get_argv_nomalloc.o ABSOLUTE
    ../clib/armsys.c                         0x00000000   Number         0  argv_veneer.o ABSOLUTE
    ../clib/armsys.c                         0x00000000   Number         0  argv_veneer.o ABSOLUTE
    ../clib/heapalloc.c                      0x00000000   Number         0  hrguard.o ABSOLUTE
    ../clib/heapaux.c                        0x00000000   Number         0  heapauxi.o ABSOLUTE
    ../clib/libinit.s                        0x00000000   Number         0  libinit.o ABSOLUTE
    ../clib/libinit.s                        0x00000000   Number         0  libshutdown.o ABSOLUTE
    ../clib/libinit.s                        0x00000000   Number         0  libinit2.o ABSOLUTE
    ../clib/libinit.s                        0x00000000   Number         0  libshutdown2.o ABSOLUTE
    ../clib/signal.c                         0x00000000   Number         0  __raise.o ABSOLUTE
    ../clib/signal.c                         0x00000000   Number         0  defsig_rtred_inner.o ABSOLUTE
    ../clib/signal.c                         0x00000000   Number         0  defsig_cppl_inner.o ABSOLUTE
    ../clib/signal.c                         0x00000000   Number         0  defsig_fpe_inner.o ABSOLUTE
    ../clib/signal.c                         0x00000000   Number         0  defsig_abrt_inner.o ABSOLUTE
    ../clib/signal.c                         0x00000000   Number         0  defsig_stak_inner.o ABSOLUTE
    ../clib/signal.c                         0x00000000   Number         0  defsig_exit.o ABSOLUTE
    ../clib/signal.c                         0x00000000   Number         0  defsig_general.o ABSOLUTE
    ../clib/signal.c                         0x00000000   Number         0  defsig_rtmem_inner.o ABSOLUTE
    ../clib/signal.c                         0x00000000   Number         0  defsig_rtmem_outer.o ABSOLUTE
    ../clib/signal.c                         0x00000000   Number         0  defsig_pvfn_inner.o ABSOLUTE
    ../clib/signal.c                         0x00000000   Number         0  defsig_rtmem_formal.o ABSOLUTE
    ../clib/signal.c                         0x00000000   Number         0  defsig_segv_inner.o ABSOLUTE
    ../clib/signal.c                         0x00000000   Number         0  defsig_other.o ABSOLUTE
    ../clib/signal.s                         0x00000000   Number         0  defsig.o ABSOLUTE
    ../clib/stdlib.c                         0x00000000   Number         0  exit.o ABSOLUTE
    ../fplib/daddsub.s                       0x00000000   Number         0  daddsub_clz.o ABSOLUTE
    ../fplib/ddiv.s                          0x00000000   Number         0  ddiv.o ABSOLUTE
    ../fplib/dfixu.s                         0x00000000   Number         0  dfixu.o ABSOLUTE
    ../fplib/dflt.s                          0x00000000   Number         0  dflt_clz.o ABSOLUTE
    ../fplib/dmul.s                          0x00000000   Number         0  dmul.o ABSOLUTE
    ../fplib/dnaninf.s                       0x00000000   Number         0  dnaninf.o ABSOLUTE
    ../fplib/dretinf.s                       0x00000000   Number         0  dretinf.o ABSOLUTE
    ../fplib/fpinit.s                        0x00000000   Number         0  fpinit.o ABSOLUTE
    ../fplib/usenofp.s                       0x00000000   Number         0  usenofp.o ABSOLUTE
    RTE\Device\TM4C123GH6PM\startup_TM4C123.s 0x00000000   Number         0  startup_tm4c123.o ABSOLUTE
    RTE\Device\TM4C123GH6PM\system_TM4C123.c 0x00000000   Number         0  system_tm4c123.o ABSOLUTE
    RTE\\Device\\TM4C123GH6PM\\system_TM4C123.c 0x00000000   Number         0  system_tm4c123.o ABSOLUTE
    adc.c                                    0x00000000   Number         0  adc.o ABSOLUTE
    cpu.c                                    0x00000000   Number         0  cpu.o ABSOLUTE
    cpu.c                                    0x00000000   Number         0  cpu.o ABSOLUTE
    dc.s                                     0x00000000   Number         0  dc.o ABSOLUTE
    display.c                                0x00000000   Number         0  display.o ABSOLUTE
    gpio.c                                   0x00000000   Number         0  gpio.o ABSOLUTE
    interrupt.c                              0x00000000   Number         0  interrupt.o ABSOLUTE
    led.c                                    0x00000000   Number         0  led.o ABSOLUTE
    main.c                                   0x00000000   Number         0  main.o ABSOLUTE
    sensor.c                                 0x00000000   Number         0  sensor.o ABSOLUTE
    switch.c                                 0x00000000   Number         0  switch.o ABSOLUTE
    sysctl.c                                 0x00000000   Number         0  sysctl.o ABSOLUTE
    sysctl.c                                 0x00000000   Number         0  sysctl.o ABSOLUTE
    timer.c                                  0x00000000   Number         0  timer.o ABSOLUTE
    timer.c                                  0x00000000   Number         0  timer.o ABSOLUTE
    uart.c                                   0x00000000   Number         0  uart.o ABSOLUTE
    !!!main                                  0x0000026c   Section        8  __main.o(!!!main)
    !!!scatter                               0x00000274   Section       52  __scatter.o(!!!scatter)
    !!handler_copy                           0x000002a8   Section       26  __scatter_copy.o(!!handler_copy)
    !!handler_zi                             0x000002c4   Section       28  __scatter_zi.o(!!handler_zi)
    .ARM.Collect$$libinit$$00000000          0x000002e0   Section        2  libinit.o(.ARM.Collect$$libinit$$00000000)
    .ARM.Collect$$libinit$$00000001          0x000002e2   Section        4  libinit2.o(.ARM.Collect$$libinit$$00000001)
    .ARM.Collect$$libinit$$00000004          0x000002e6   Section        0  libinit2.o(.ARM.Collect$$libinit$$00000004)
    .ARM.Collect$$libinit$$0000000A          0x000002e6   Section        0  libinit2.o(.ARM.Collect$$libinit$$0000000A)
    .ARM.Collect$$libinit$$0000000C          0x000002e6   Section        0  libinit2.o(.ARM.Collect$$libinit$$0000000C)
    .ARM.Collect$$libinit$$0000000E          0x000002e6   Section        0  libinit2.o(.ARM.Collect$$libinit$$0000000E)
    .ARM.Collect$$libinit$$00000011          0x000002e6   Section        0  libinit2.o(.ARM.Collect$$libinit$$00000011)
    .ARM.Collect$$libinit$$00000013          0x000002e6   Section        0  libinit2.o(.ARM.Collect$$libinit$$00000013)
    .ARM.Collect$$libinit$$00000015          0x000002e6   Section        0  libinit2.o(.ARM.Collect$$libinit$$00000015)
    .ARM.Collect$$libinit$$00000017          0x000002e6   Section        0  libinit2.o(.ARM.Collect$$libinit$$00000017)
    .ARM.Collect$$libinit$$00000019          0x000002e6   Section        0  libinit2.o(.ARM.Collect$$libinit$$00000019)
    .ARM.Collect$$libinit$$0000001B          0x000002e6   Section        0  libinit2.o(.ARM.Collect$$libinit$$0000001B)
    .ARM.Collect$$libinit$$0000001D          0x000002e6   Section        0  libinit2.o(.ARM.Collect$$libinit$$0000001D)
    .ARM.Collect$$libinit$$0000001F          0x000002e6   Section        0  libinit2.o(.ARM.Collect$$libinit$$0000001F)
    .ARM.Collect$$libinit$$00000021          0x000002e6   Section        0  libinit2.o(.ARM.Collect$$libinit$$00000021)
    .ARM.Collect$$libinit$$00000023          0x000002e6   Section        0  libinit2.o(.ARM.Collect$$libinit$$00000023)
    .ARM.Collect$$libinit$$00000025          0x000002e6   Section        0  libinit2.o(.ARM.Collect$$libinit$$00000025)
    .ARM.Collect$$libinit$$0000002C          0x000002e6   Section        0  libinit2.o(.ARM.Collect$$libinit$$0000002C)
    .ARM.Collect$$libinit$$0000002E          0x000002e6   Section        0  libinit2.o(.ARM.Collect$$libinit$$0000002E)
    .ARM.Collect$$libinit$$00000030          0x000002e6   Section        0  libinit2.o(.ARM.Collect$$libinit$$00000030)
    .ARM.Collect$$libinit$$00000032          0x000002e6   Section        0  libinit2.o(.ARM.Collect$$libinit$$00000032)
    .ARM.Collect$$libinit$$00000033          0x000002e6   Section        2  libinit2.o(.ARM.Collect$$libinit$$00000033)
    .ARM.Collect$$libshutdown$$00000000      0x000002e8   Section        2  libshutdown.o(.ARM.Collect$$libshutdown$$00000000)
    .ARM.Collect$$libshutdown$$00000002      0x000002ea   Section        0  libshutdown2.o(.ARM.Collect$$libshutdown$$00000002)
    .ARM.Collect$$libshutdown$$00000004      0x000002ea   Section        0  libshutdown2.o(.ARM.Collect$$libshutdown$$00000004)
    .ARM.Collect$$libshutdown$$00000007      0x000002ea   Section        0  libshutdown2.o(.ARM.Collect$$libshutdown$$00000007)
    .ARM.Collect$$libshutdown$$0000000A      0x000002ea   Section        0  libshutdown2.o(.ARM.Collect$$libshutdown$$0000000A)
    .ARM.Collect$$libshutdown$$0000000C      0x000002ea   Section        0  libshutdown2.o(.ARM.Collect$$libshutdown$$0000000C)
    .ARM.Collect$$libshutdown$$0000000F      0x000002ea   Section        0  libshutdown2.o(.ARM.Collect$$libshutdown$$0000000F)
    .ARM.Collect$$libshutdown$$00000010      0x000002ea   Section        2  libshutdown2.o(.ARM.Collect$$libshutdown$$00000010)
    .ARM.Collect$$rtentry$$00000000          0x000002ec   Section        0  __rtentry.o(.ARM.Collect$$rtentry$$00000000)
    .ARM.Collect$$rtentry$$00000002          0x000002ec   Section        0  __rtentry2.o(.ARM.Collect$$rtentry$$00000002)
    .ARM.Collect$$rtentry$$00000004          0x000002ec   Section        6  __rtentry4.o(.ARM.Collect$$rtentry$$00000004)
    .ARM.Collect$$rtentry$$00000009          0x000002f2   Section        0  __rtentry2.o(.ARM.Collect$$rtentry$$00000009)
    .ARM.Collect$$rtentry$$0000000A          0x000002f2   Section        4  __rtentry2.o(.ARM.Collect$$rtentry$$0000000A)
    .ARM.Collect$$rtentry$$0000000C          0x000002f6   Section        0  __rtentry2.o(.ARM.Collect$$rtentry$$0000000C)
    .ARM.Collect$$rtentry$$0000000D          0x000002f6   Section        8  __rtentry2.o(.ARM.Collect$$rtentry$$0000000D)
    .ARM.Collect$$rtexit$$00000000           0x000002fe   Section        2  rtexit.o(.ARM.Collect$$rtexit$$00000000)
    .ARM.Collect$$rtexit$$00000002           0x00000300   Section        0  rtexit2.o(.ARM.Collect$$rtexit$$00000002)
    .ARM.Collect$$rtexit$$00000003           0x00000300   Section        4  rtexit2.o(.ARM.Collect$$rtexit$$00000003)
    .ARM.Collect$$rtexit$$00000004           0x00000304   Section        6  rtexit2.o(.ARM.Collect$$rtexit$$00000004)
    .emb_text                                0x0000030c   Section        6  sysctl.o(.emb_text)
    $v0                                      0x0000030c   Number         0  sysctl.o(.emb_text)
    .emb_text                                0x00000314   Section       38  cpu.o(.emb_text)
    $v0                                      0x00000314   Number         0  cpu.o(.emb_text)
    .text                                    0x0000033c   Section      276  startup_tm4c123.o(.text)
    $v0                                      0x0000033c   Number         0  startup_tm4c123.o(.text)
    .text                                    0x00000450   Section        0  heapauxi.o(.text)
    .text                                    0x00000456   Section       74  sys_stackheap_outer.o(.text)
    .text                                    0x000004a0   Section        0  exit.o(.text)
    .text                                    0x000004b4   Section        8  libspace.o(.text)
    .text                                    0x000004bc   Section        0  sys_exit.o(.text)
    .text                                    0x000004c8   Section        2  use_no_semi.o(.text)
    .text                                    0x000004ca   Section        0  indicate_semi.o(.text)
    i.ADC0SS3_Handler                        0x000004cc   Section        0  sensor.o(i.ADC0SS3_Handler)
    i.ADCIntClear                            0x00000570   Section        0  adc.o(i.ADCIntClear)
    i.ADCIntDisable                          0x0000057a   Section        0  adc.o(i.ADCIntDisable)
    i.ADCIntEnable                           0x0000058a   Section        0  adc.o(i.ADCIntEnable)
    i.ADCIntStatus                           0x0000059a   Section        0  adc.o(i.ADCIntStatus)
    i.ADCProcessorTrigger                    0x000005ce   Section        0  adc.o(i.ADCProcessorTrigger)
    i.ADCSequenceConfigure                   0x000005e8   Section        0  adc.o(i.ADCSequenceConfigure)
    i.ADCSequenceDataGet                     0x00000636   Section        0  adc.o(i.ADCSequenceDataGet)
    i.ADCSequenceDisable                     0x0000065a   Section        0  adc.o(i.ADCSequenceDisable)
    i.ADCSequenceEnable                      0x0000066a   Section        0  adc.o(i.ADCSequenceEnable)
    i.ADCSequenceStepConfigure               0x00000678   Section        0  adc.o(i.ADCSequenceStepConfigure)
    i.Display_Char                           0x00000714   Section        0  display.o(i.Display_Char)
    i.Display_Decimal                        0x00000728   Section        0  display.o(i.Display_Decimal)
    i.Display_Init                           0x00000754   Section        0  display.o(i.Display_Init)
    i.Display_NewLine                        0x000007cc   Section        0  display.o(i.Display_NewLine)
    i.Display_String                         0x000007dc   Section        0  display.o(i.Display_String)
    i.GPIODirModeSet                         0x000007f2   Section        0  gpio.o(i.GPIODirModeSet)
    i.GPIOF_Handler                          0x0000081c   Section        0  switch.o(i.GPIOF_Handler)
    i.GPIOIntClear                           0x00000898   Section        0  gpio.o(i.GPIOIntClear)
    i.GPIOIntDisable                         0x0000089e   Section        0  gpio.o(i.GPIOIntDisable)
    i.GPIOIntEnable                          0x000008ac   Section        0  gpio.o(i.GPIOIntEnable)
    i.GPIOIntStatus                          0x000008ba   Section        0  gpio.o(i.GPIOIntStatus)
    i.GPIOIntTypeSet                         0x000008c8   Section        0  gpio.o(i.GPIOIntTypeSet)
    i.GPIOPadConfigSet                       0x00000918   Section        0  gpio.o(i.GPIOPadConfigSet)
    i.GPIOPinConfigure                       0x00000a54   Section        0  gpio.o(i.GPIOPinConfigure)
    i.GPIOPinTypeGPIOInput                   0x00000a9c   Section        0  gpio.o(i.GPIOPinTypeGPIOInput)
    i.GPIOPinTypeGPIOOutput                  0x00000ab8   Section        0  gpio.o(i.GPIOPinTypeGPIOOutput)
    i.GPIOPinTypeUART                        0x00000ad4   Section        0  gpio.o(i.GPIOPinTypeUART)
    i.GPIOPinWrite                           0x00000af0   Section        0  gpio.o(i.GPIOPinWrite)
    i.IntDisable                             0x00000af8   Section        0  interrupt.o(i.IntDisable)
    i.IntEnable                              0x00000b5c   Section        0  interrupt.o(i.IntEnable)
    i.IntMasterDisable                       0x00000bc0   Section        0  interrupt.o(i.IntMasterDisable)
    i.IntMasterEnable                        0x00000bce   Section        0  interrupt.o(i.IntMasterEnable)
    i.IntPrioritySet                         0x00000bdc   Section        0  interrupt.o(i.IntPrioritySet)
    i.Led_toggle                             0x00000c04   Section        0  led.o(i.Led_toggle)
    i.RGB_Led_Init                           0x00000c3c   Section        0  led.o(i.RGB_Led_Init)
    i.Sensor_Init                            0x00000c88   Section        0  sensor.o(i.Sensor_Init)
    i.Switch_Init                            0x00000cf0   Section        0  switch.o(i.Switch_Init)
    i.SysCtlClockGet                         0x00000d68   Section        0  sysctl.o(i.SysCtlClockGet)
    i.SysCtlClockSet                         0x00000ebc   Section        0  sysctl.o(i.SysCtlClockSet)
    i.SysCtlPeripheralEnable                 0x00000fdc   Section        0  sysctl.o(i.SysCtlPeripheralEnable)
    i.SystemInit                             0x00001004   Section        0  system_tm4c123.o(i.SystemInit)
    i.TIMER_Wide_0_init                      0x0000109c   Section        0  timer.o(i.TIMER_Wide_0_init)
    i.TIMER_delay_No_Int                     0x00001108   Section        0  timer.o(i.TIMER_delay_No_Int)
    i.TIMER_reload_calculator                0x00001128   Section        0  timer.o(i.TIMER_reload_calculator)
    TIMER_reload_calculator                  0x00001129   Thumb Code    30  timer.o(i.TIMER_reload_calculator)
    i.TimerClockSourceSet                    0x00001146   Section        0  timer.o(i.TimerClockSourceSet)
    i.TimerConfigure                         0x0000114c   Section        0  timer.o(i.TimerConfigure)
    i.TimerDisable                           0x000011ac   Section        0  timer.o(i.TimerDisable)
    i.TimerEnable                            0x000011bc   Section        0  timer.o(i.TimerEnable)
    i.TimerIntClear                          0x000011ca   Section        0  timer.o(i.TimerIntClear)
    i.TimerIntDisable                        0x000011ce   Section        0  timer.o(i.TimerIntDisable)
    i.TimerIntEnable                         0x000011d8   Section        0  timer.o(i.TimerIntEnable)
    i.TimerIntStatus                         0x000011e0   Section        0  timer.o(i.TimerIntStatus)
    i.TimerLoadSet                           0x000011ea   Section        0  timer.o(i.TimerLoadSet)
    i.TimerValueGet                          0x000011fc   Section        0  timer.o(i.TimerValueGet)
    i.UARTCharPut                            0x00001206   Section        0  uart.o(i.UARTCharPut)
    i.UARTClockSourceSet                     0x00001212   Section        0  uart.o(i.UARTClockSourceSet)
    i.UARTConfigGetExpClk                    0x00001218   Section        0  uart.o(i.UARTConfigGetExpClk)
    i.UARTConfigSetExpClk                    0x00001246   Section        0  uart.o(i.UARTConfigSetExpClk)
    i.UARTDisable                            0x000012b4   Section        0  uart.o(i.UARTDisable)
    i.UARTEnable                             0x000012d2   Section        0  uart.o(i.UARTEnable)
    i.UARTFIFOEnable                         0x000012e6   Section        0  uart.o(i.UARTFIFOEnable)
    i.WTIMER0A_Handler                       0x000012f0   Section        0  timer.o(i.WTIMER0A_Handler)
    i.main                                   0x000013ac   Section        0  main.o(i.main)
    x$fpl$dadd                               0x00001458   Section      336  daddsub_clz.o(x$fpl$dadd)
    $v0                                      0x00001458   Number         0  daddsub_clz.o(x$fpl$dadd)
    _dadd1                                   0x00001469   Thumb Code     0  daddsub_clz.o(x$fpl$dadd)
    x$fpl$ddiv                               0x000015a8   Section      688  ddiv.o(x$fpl$ddiv)
    $v0                                      0x000015a8   Number         0  ddiv.o(x$fpl$ddiv)
    ddiv_entry                               0x000015af   Thumb Code     0  ddiv.o(x$fpl$ddiv)
    x$fpl$dfixu                              0x00001858   Section       90  dfixu.o(x$fpl$dfixu)
    $v0                                      0x00001858   Number         0  dfixu.o(x$fpl$dfixu)
    x$fpl$dfltu                              0x000018b2   Section       38  dflt_clz.o(x$fpl$dfltu)
    $v0                                      0x000018b2   Number         0  dflt_clz.o(x$fpl$dfltu)
    x$fpl$dmul                               0x000018d8   Section      340  dmul.o(x$fpl$dmul)
    $v0                                      0x000018d8   Number         0  dmul.o(x$fpl$dmul)
    x$fpl$dnaninf                            0x00001a2c   Section      156  dnaninf.o(x$fpl$dnaninf)
    $v0                                      0x00001a2c   Number         0  dnaninf.o(x$fpl$dnaninf)
    x$fpl$dretinf                            0x00001ac8   Section       12  dretinf.o(x$fpl$dretinf)
    $v0                                      0x00001ac8   Number         0  dretinf.o(x$fpl$dretinf)
    x$fpl$drsb                               0x00001ad4   Section       22  daddsub_clz.o(x$fpl$drsb)
    $v0                                      0x00001ad4   Number         0  daddsub_clz.o(x$fpl$drsb)
    x$fpl$dsub                               0x00001aec   Section      468  daddsub_clz.o(x$fpl$dsub)
    $v0                                      0x00001aec   Number         0  daddsub_clz.o(x$fpl$dsub)
    _dsub1                                   0x00001afd   Thumb Code     0  daddsub_clz.o(x$fpl$dsub)
    x$fpl$fpinit                             0x00001cc0   Section       10  fpinit.o(x$fpl$fpinit)
    $v0                                      0x00001cc0   Number         0  fpinit.o(x$fpl$fpinit)
    x$fpl$usenofp                            0x00001cca   Section        0  usenofp.o(x$fpl$usenofp)
    .constdata                               0x00001ccc   Section      528  gpio.o(.constdata)
    g_ppui32GPIOIntMapBlizzard               0x00001ccc   Data         192  gpio.o(.constdata)
    g_ppui32GPIOIntMapSnowflake              0x00001d8c   Data         192  gpio.o(.constdata)
    g_pui32GPIOBaseAddrs                     0x00001e4c   Data         144  gpio.o(.constdata)
    .constdata                               0x00001edc   Section      268  interrupt.o(.constdata)
    g_pui32Priority                          0x00001edc   Data          32  interrupt.o(.constdata)
    g_pui32Regs                              0x00001efc   Data         156  interrupt.o(.constdata)
    g_pui32EnRegs                            0x00001f98   Data          20  interrupt.o(.constdata)
    g_pui32Dii16Regs                         0x00001fac   Data          20  interrupt.o(.constdata)
    g_pui32PendRegs                          0x00001fc0   Data          20  interrupt.o(.constdata)
    g_pui32UnpendRegs                        0x00001fd4   Data          20  interrupt.o(.constdata)
    .constdata                               0x00001fe8   Section      452  sysctl.o(.constdata)
    g_pui32VCOFrequencies                    0x00001fe8   Data           8  sysctl.o(.constdata)
    g_pui32Xtals                             0x00001ff0   Data         108  sysctl.o(.constdata)
    g_pppui32XTALtoVCO                       0x0000205c   Data         288  sysctl.o(.constdata)
    g_sXTALtoMEMTIM                          0x0000217c   Data          48  sysctl.o(.constdata)
    .data                                    0x20000000   Section        1  main.o(.data)
    .data                                    0x20000001   Section        1  led.o(.data)
    status                                   0x20000001   Data           1  led.o(.data)
    .data                                    0x20000002   Section        2  switch.o(.data)
    color_calculation                        0x20000002   Data           2  switch.o(.data)
    .data                                    0x20000004   Section        4  display.o(.data)
    .data                                    0x20000008   Section        8  sensor.o(.data)
    .bss                                     0x20000010   Section       96  libspace.o(.bss)
    HEAP                                     0x20000070   Section        0  startup_tm4c123.o(HEAP)
    STACK                                    0x20000070   Section      512  startup_tm4c123.o(STACK)
    Heap_Mem                                 0x20000070   Data           0  startup_tm4c123.o(HEAP)
    Stack_Mem                                0x20000070   Data         512  startup_tm4c123.o(STACK)
    __initial_sp                             0x20000270   Data           0  startup_tm4c123.o(STACK)

    Global Symbols

    Symbol Name                              Value     Ov Type        Size  Object(Section)

    BuildAttributes$$THM_ISAv4$E$P$D$K$B$S$7EM$VFPi3$EXTD16$VFPS$VFMA$PE$A:L22UL41UL21$X:L11$S22US41US21$IEEE1$IW$USESV6$~STKCKD$USESV7$~SHL$OTIME$ROPI$EBA8$UX$STANDARDLIB$REQ8$PRES8$EABIv2 0x00000000   Number         0  anon$$obj.o ABSOLUTE
    __ARM_use_no_argv                        0x00000000   Number         0  main.o ABSOLUTE
    __Vectors                                0x00000000   Data           4  startup_tm4c123.o(RESET)
    __ARM_exceptions_init                     - Undefined Weak Reference
    __alloca_initialize                       - Undefined Weak Reference
    __arm_preinit_                            - Undefined Weak Reference
    __cpp_initialize__aeabi_                  - Undefined Weak Reference
    __cxa_finalize                            - Undefined Weak Reference
    __rt_locale                               - Undefined Weak Reference
    __sigvec_lookup                           - Undefined Weak Reference
    _atexit_init                              - Undefined Weak Reference
    _call_atexit_fns                          - Undefined Weak Reference
    _clock_init                               - Undefined Weak Reference
    _fp_trap_init                             - Undefined Weak Reference
    _fp_trap_shutdown                         - Undefined Weak Reference
    _get_lc_collate                           - Undefined Weak Reference
    _get_lc_ctype                             - Undefined Weak Reference
    _get_lc_monetary                          - Undefined Weak Reference
    _get_lc_numeric                           - Undefined Weak Reference
    _get_lc_time                              - Undefined Weak Reference
    _getenv_init                              - Undefined Weak Reference
    _handle_redirection                       - Undefined Weak Reference
    _init_alloc                               - Undefined Weak Reference
    _init_user_alloc                          - Undefined Weak Reference
    _initio                                   - Undefined Weak Reference
    _rand_init                                - Undefined Weak Reference
    _signal_finish                            - Undefined Weak Reference
    _signal_init                              - Undefined Weak Reference
    _terminate_alloc                          - Undefined Weak Reference
    _terminate_user_alloc                     - Undefined Weak Reference
    _terminateio                              - Undefined Weak Reference
    __Vectors_End                            0x0000026c   Data           0  startup_tm4c123.o(RESET)
    __Vectors_Size                           0x0000026c   Number         0  startup_tm4c123.o ABSOLUTE
    __main                                   0x0000026d   Thumb Code     8  __main.o(!!!main)
    __scatterload                            0x00000275   Thumb Code     0  __scatter.o(!!!scatter)
    __scatterload_rt2                        0x00000275   Thumb Code    44  __scatter.o(!!!scatter)
    __scatterload_rt2_thumb_only             0x00000275   Thumb Code     0  __scatter.o(!!!scatter)
    __scatterload_null                       0x00000283   Thumb Code     0  __scatter.o(!!!scatter)
    __scatterload_copy                       0x000002a9   Thumb Code    26  __scatter_copy.o(!!handler_copy)
    __scatterload_zeroinit                   0x000002c5   Thumb Code    28  __scatter_zi.o(!!handler_zi)
    __rt_lib_init                            0x000002e1   Thumb Code     0  libinit.o(.ARM.Collect$$libinit$$00000000)
    __rt_lib_init_fp_1                       0x000002e3   Thumb Code     0  libinit2.o(.ARM.Collect$$libinit$$00000001)
    __rt_lib_init_alloca_1                   0x000002e7   Thumb Code     0  libinit2.o(.ARM.Collect$$libinit$$0000002E)
    __rt_lib_init_argv_1                     0x000002e7   Thumb Code     0  libinit2.o(.ARM.Collect$$libinit$$0000002C)
    __rt_lib_init_atexit_1                   0x000002e7   Thumb Code     0  libinit2.o(.ARM.Collect$$libinit$$0000001B)
    __rt_lib_init_clock_1                    0x000002e7   Thumb Code     0  libinit2.o(.ARM.Collect$$libinit$$00000021)
    __rt_lib_init_cpp_1                      0x000002e7   Thumb Code     0  libinit2.o(.ARM.Collect$$libinit$$00000032)
    __rt_lib_init_exceptions_1               0x000002e7   Thumb Code     0  libinit2.o(.ARM.Collect$$libinit$$00000030)
    __rt_lib_init_fp_trap_1                  0x000002e7   Thumb Code     0  libinit2.o(.ARM.Collect$$libinit$$0000001F)
    __rt_lib_init_getenv_1                   0x000002e7   Thumb Code     0  libinit2.o(.ARM.Collect$$libinit$$00000023)
    __rt_lib_init_heap_1                     0x000002e7   Thumb Code     0  libinit2.o(.ARM.Collect$$libinit$$0000000A)
    __rt_lib_init_lc_collate_1               0x000002e7   Thumb Code     0  libinit2.o(.ARM.Collect$$libinit$$00000011)
    __rt_lib_init_lc_ctype_1                 0x000002e7   Thumb Code     0  libinit2.o(.ARM.Collect$$libinit$$00000013)
    __rt_lib_init_lc_monetary_1              0x000002e7   Thumb Code     0  libinit2.o(.ARM.Collect$$libinit$$00000015)
    __rt_lib_init_lc_numeric_1               0x000002e7   Thumb Code     0  libinit2.o(.ARM.Collect$$libinit$$00000017)
    __rt_lib_init_lc_time_1                  0x000002e7   Thumb Code     0  libinit2.o(.ARM.Collect$$libinit$$00000019)
    __rt_lib_init_preinit_1                  0x000002e7   Thumb Code     0  libinit2.o(.ARM.Collect$$libinit$$00000004)
    __rt_lib_init_rand_1                     0x000002e7   Thumb Code     0  libinit2.o(.ARM.Collect$$libinit$$0000000E)
    __rt_lib_init_return                     0x000002e7   Thumb Code     0  libinit2.o(.ARM.Collect$$libinit$$00000033)
    __rt_lib_init_signal_1                   0x000002e7   Thumb Code     0  libinit2.o(.ARM.Collect$$libinit$$0000001D)
    __rt_lib_init_stdio_1                    0x000002e7   Thumb Code     0  libinit2.o(.ARM.Collect$$libinit$$00000025)
    __rt_lib_init_user_alloc_1               0x000002e7   Thumb Code     0  libinit2.o(.ARM.Collect$$libinit$$0000000C)
    __rt_lib_shutdown                        0x000002e9   Thumb Code     0  libshutdown.o(.ARM.Collect$$libshutdown$$00000000)
    __rt_lib_shutdown_cpp_1                  0x000002eb   Thumb Code     0  libshutdown2.o(.ARM.Collect$$libshutdown$$00000002)
    __rt_lib_shutdown_fp_trap_1              0x000002eb   Thumb Code     0  libshutdown2.o(.ARM.Collect$$libshutdown$$00000007)
    __rt_lib_shutdown_heap_1                 0x000002eb   Thumb Code     0  libshutdown2.o(.ARM.Collect$$libshutdown$$0000000F)
    __rt_lib_shutdown_return                 0x000002eb   Thumb Code     0  libshutdown2.o(.ARM.Collect$$libshutdown$$00000010)
    __rt_lib_shutdown_signal_1               0x000002eb   Thumb Code     0  libshutdown2.o(.ARM.Collect$$libshutdown$$0000000A)
    __rt_lib_shutdown_stdio_1                0x000002eb   Thumb Code     0  libshutdown2.o(.ARM.Collect$$libshutdown$$00000004)
    __rt_lib_shutdown_user_alloc_1           0x000002eb   Thumb Code     0  libshutdown2.o(.ARM.Collect$$libshutdown$$0000000C)
    __rt_entry                               0x000002ed   Thumb Code     0  __rtentry.o(.ARM.Collect$$rtentry$$00000000)
    __rt_entry_presh_1                       0x000002ed   Thumb Code     0  __rtentry2.o(.ARM.Collect$$rtentry$$00000002)
    __rt_entry_sh                            0x000002ed   Thumb Code     0  __rtentry4.o(.ARM.Collect$$rtentry$$00000004)
    __rt_entry_li                            0x000002f3   Thumb Code     0  __rtentry2.o(.ARM.Collect$$rtentry$$0000000A)
    __rt_entry_postsh_1                      0x000002f3   Thumb Code     0  __rtentry2.o(.ARM.Collect$$rtentry$$00000009)
    __rt_entry_main                          0x000002f7   Thumb Code     0  __rtentry2.o(.ARM.Collect$$rtentry$$0000000D)
    __rt_entry_postli_1                      0x000002f7   Thumb Code     0  __rtentry2.o(.ARM.Collect$$rtentry$$0000000C)
    __rt_exit                                0x000002ff   Thumb Code     0  rtexit.o(.ARM.Collect$$rtexit$$00000000)
    __rt_exit_ls                             0x00000301   Thumb Code     0  rtexit2.o(.ARM.Collect$$rtexit$$00000003)
    __rt_exit_prels_1                        0x00000301   Thumb Code     0  rtexit2.o(.ARM.Collect$$rtexit$$00000002)
    __rt_exit_exit                           0x00000305   Thumb Code     0  rtexit2.o(.ARM.Collect$$rtexit$$00000004)
    SysCtlDelay                              0x0000030d   Thumb Code     6  sysctl.o(.emb_text)
    CPUcpsid                                 0x00000315   Thumb Code     8  cpu.o(.emb_text)
    CPUprimask                               0x0000031d   Thumb Code     6  cpu.o(.emb_text)
    CPUcpsie                                 0x00000323   Thumb Code     8  cpu.o(.emb_text)
    CPUwfi                                   0x0000032b   Thumb Code     4  cpu.o(.emb_text)
    CPUbasepriSet                            0x0000032f   Thumb Code     6  cpu.o(.emb_text)
    CPUbasepriGet                            0x00000335   Thumb Code     6  cpu.o(.emb_text)
    Reset_Handler                            0x0000033d   Thumb Code     8  startup_tm4c123.o(.text)
    NMI_Handler                              0x00000345   Thumb Code     2  startup_tm4c123.o(.text)
    HardFault_Handler                        0x00000347   Thumb Code     2  startup_tm4c123.o(.text)
    MemManage_Handler                        0x00000349   Thumb Code     2  startup_tm4c123.o(.text)
    BusFault_Handler                         0x0000034b   Thumb Code     2  startup_tm4c123.o(.text)
    UsageFault_Handler                       0x0000034d   Thumb Code     2  startup_tm4c123.o(.text)
    SVC_Handler                              0x0000034f   Thumb Code     2  startup_tm4c123.o(.text)
    DebugMon_Handler                         0x00000351   Thumb Code     2  startup_tm4c123.o(.text)
    PendSV_Handler                           0x00000353   Thumb Code     2  startup_tm4c123.o(.text)
    SysTick_Handler                          0x00000355   Thumb Code     2  startup_tm4c123.o(.text)
    GPIOA_Handler                            0x00000357   Thumb Code     2  startup_tm4c123.o(.text)
    GPIOB_Handler                            0x00000359   Thumb Code     2  startup_tm4c123.o(.text)
    GPIOC_Handler                            0x0000035b   Thumb Code     2  startup_tm4c123.o(.text)
    GPIOD_Handler                            0x0000035d   Thumb Code     2  startup_tm4c123.o(.text)
    GPIOE_Handler                            0x0000035f   Thumb Code     2  startup_tm4c123.o(.text)
    UART0_Handler                            0x00000361   Thumb Code     2  startup_tm4c123.o(.text)
    UART1_Handler                            0x00000363   Thumb Code     2  startup_tm4c123.o(.text)
    SSI0_Handler                             0x00000365   Thumb Code     2  startup_tm4c123.o(.text)
    I2C0_Handler                             0x00000367   Thumb Code     2  startup_tm4c123.o(.text)
    PMW0_FAULT_Handler                       0x00000369   Thumb Code     2  startup_tm4c123.o(.text)
    PWM0_0_Handler                           0x0000036b   Thumb Code     2  startup_tm4c123.o(.text)
    PWM0_1_Handler                           0x0000036d   Thumb Code     2  startup_tm4c123.o(.text)
    PWM0_2_Handler                           0x0000036f   Thumb Code     2  startup_tm4c123.o(.text)
    QEI0_Handler                             0x00000371   Thumb Code     2  startup_tm4c123.o(.text)
    ADC0SS0_Handler                          0x00000373   Thumb Code     2  startup_tm4c123.o(.text)
    ADC0SS1_Handler                          0x00000375   Thumb Code     2  startup_tm4c123.o(.text)
    ADC0SS2_Handler                          0x00000377   Thumb Code     2  startup_tm4c123.o(.text)
    WDT0_Handler                             0x0000037b   Thumb Code     2  startup_tm4c123.o(.text)
    TIMER0A_Handler                          0x0000037d   Thumb Code     2  startup_tm4c123.o(.text)
    TIMER0B_Handler                          0x0000037f   Thumb Code     2  startup_tm4c123.o(.text)
    TIMER1A_Handler                          0x00000381   Thumb Code     2  startup_tm4c123.o(.text)
    TIMER1B_Handler                          0x00000383   Thumb Code     2  startup_tm4c123.o(.text)
    TIMER2A_Handler                          0x00000385   Thumb Code     2  startup_tm4c123.o(.text)
    TIMER2B_Handler                          0x00000387   Thumb Code     2  startup_tm4c123.o(.text)
    COMP0_Handler                            0x00000389   Thumb Code     2  startup_tm4c123.o(.text)
    COMP1_Handler                            0x0000038b   Thumb Code     2  startup_tm4c123.o(.text)
    COMP2_Handler                            0x0000038d   Thumb Code     2  startup_tm4c123.o(.text)
    SYSCTL_Handler                           0x0000038f   Thumb Code     2  startup_tm4c123.o(.text)
    FLASH_Handler                            0x00000391   Thumb Code     2  startup_tm4c123.o(.text)
    GPIOG_Handler                            0x00000395   Thumb Code     2  startup_tm4c123.o(.text)
    GPIOH_Handler                            0x00000397   Thumb Code     2  startup_tm4c123.o(.text)
    UART2_Handler                            0x00000399   Thumb Code     2  startup_tm4c123.o(.text)
    SSI1_Handler                             0x0000039b   Thumb Code     2  startup_tm4c123.o(.text)
    TIMER3A_Handler                          0x0000039d   Thumb Code     2  startup_tm4c123.o(.text)
    TIMER3B_Handler                          0x0000039f   Thumb Code     2  startup_tm4c123.o(.text)
    I2C1_Handler                             0x000003a1   Thumb Code     2  startup_tm4c123.o(.text)
    QEI1_Handler                             0x000003a3   Thumb Code     2  startup_tm4c123.o(.text)
    CAN0_Handler                             0x000003a5   Thumb Code     2  startup_tm4c123.o(.text)
    CAN1_Handler                             0x000003a7   Thumb Code     2  startup_tm4c123.o(.text)
    CAN2_Handler                             0x000003a9   Thumb Code     2  startup_tm4c123.o(.text)
    HIB_Handler                              0x000003ab   Thumb Code     2  startup_tm4c123.o(.text)
    USB0_Handler                             0x000003ad   Thumb Code     2  startup_tm4c123.o(.text)
    PWM0_3_Handler                           0x000003af   Thumb Code     2  startup_tm4c123.o(.text)
    UDMA_Handler                             0x000003b1   Thumb Code     2  startup_tm4c123.o(.text)
    UDMAERR_Handler                          0x000003b3   Thumb Code     2  startup_tm4c123.o(.text)
    ADC1SS0_Handler                          0x000003b5   Thumb Code     2  startup_tm4c123.o(.text)
    ADC1SS1_Handler                          0x000003b7   Thumb Code     2  startup_tm4c123.o(.text)
    ADC1SS2_Handler                          0x000003b9   Thumb Code     2  startup_tm4c123.o(.text)
    ADC1SS3_Handler                          0x000003bb   Thumb Code     2  startup_tm4c123.o(.text)
    GPIOJ_Handler                            0x000003bd   Thumb Code     2  startup_tm4c123.o(.text)
    GPIOK_Handler                            0x000003bf   Thumb Code     2  startup_tm4c123.o(.text)
    GPIOL_Handler                            0x000003c1   Thumb Code     2  startup_tm4c123.o(.text)
    SSI2_Handler                             0x000003c3   Thumb Code     2  startup_tm4c123.o(.text)
    SSI3_Handler                             0x000003c5   Thumb Code     2  startup_tm4c123.o(.text)
    UART3_Handler                            0x000003c7   Thumb Code     2  startup_tm4c123.o(.text)
    UART4_Handler                            0x000003c9   Thumb Code     2  startup_tm4c123.o(.text)
    UART5_Handler                            0x000003cb   Thumb Code     2  startup_tm4c123.o(.text)
    UART6_Handler                            0x000003cd   Thumb Code     2  startup_tm4c123.o(.text)
    UART7_Handler                            0x000003cf   Thumb Code     2  startup_tm4c123.o(.text)
    I2C2_Handler                             0x000003d1   Thumb Code     2  startup_tm4c123.o(.text)
    I2C3_Handler                             0x000003d3   Thumb Code     2  startup_tm4c123.o(.text)
    TIMER4A_Handler                          0x000003d5   Thumb Code     2  startup_tm4c123.o(.text)
    TIMER4B_Handler                          0x000003d7   Thumb Code     2  startup_tm4c123.o(.text)
    TIMER5A_Handler                          0x000003d9   Thumb Code     2  startup_tm4c123.o(.text)
    TIMER5B_Handler                          0x000003db   Thumb Code     2  startup_tm4c123.o(.text)
    WTIMER0B_Handler                         0x000003df   Thumb Code     2  startup_tm4c123.o(.text)
    WTIMER1A_Handler                         0x000003e1   Thumb Code     2  startup_tm4c123.o(.text)
    WTIMER1B_Handler                         0x000003e3   Thumb Code     2  startup_tm4c123.o(.text)
    WTIMER2A_Handler                         0x000003e5   Thumb Code     2  startup_tm4c123.o(.text)
    WTIMER2B_Handler                         0x000003e7   Thumb Code     2  startup_tm4c123.o(.text)
    WTIMER3A_Handler                         0x000003e9   Thumb Code     2  startup_tm4c123.o(.text)
    WTIMER3B_Handler                         0x000003eb   Thumb Code     2  startup_tm4c123.o(.text)
    WTIMER4A_Handler                         0x000003ed   Thumb Code     2  startup_tm4c123.o(.text)
    WTIMER4B_Handler                         0x000003ef   Thumb Code     2  startup_tm4c123.o(.text)
    WTIMER5A_Handler                         0x000003f1   Thumb Code     2  startup_tm4c123.o(.text)
    WTIMER5B_Handler                         0x000003f3   Thumb Code     2  startup_tm4c123.o(.text)
    FPU_Handler                              0x000003f5   Thumb Code     2  startup_tm4c123.o(.text)
    I2C4_Handler                             0x000003f7   Thumb Code     2  startup_tm4c123.o(.text)
    I2C5_Handler                             0x000003f9   Thumb Code     2  startup_tm4c123.o(.text)
    GPIOM_Handler                            0x000003fb   Thumb Code     2  startup_tm4c123.o(.text)
    GPION_Handler                            0x000003fd   Thumb Code     2  startup_tm4c123.o(.text)
    QEI2_Handler                             0x000003ff   Thumb Code     2  startup_tm4c123.o(.text)
    GPIOP0_Handler                           0x00000401   Thumb Code     2  startup_tm4c123.o(.text)
    GPIOP1_Handler                           0x00000403   Thumb Code     2  startup_tm4c123.o(.text)
    GPIOP2_Handler                           0x00000405   Thumb Code     2  startup_tm4c123.o(.text)
    GPIOP3_Handler                           0x00000407   Thumb Code     2  startup_tm4c123.o(.text)
    GPIOP4_Handler                           0x00000409   Thumb Code     2  startup_tm4c123.o(.text)
    GPIOP5_Handler                           0x0000040b   Thumb Code     2  startup_tm4c123.o(.text)
    GPIOP6_Handler                           0x0000040d   Thumb Code     2  startup_tm4c123.o(.text)
    GPIOP7_Handler                           0x0000040f   Thumb Code     2  startup_tm4c123.o(.text)
    GPIOQ0_Handler                           0x00000411   Thumb Code     2  startup_tm4c123.o(.text)
    GPIOQ1_Handler                           0x00000413   Thumb Code     2  startup_tm4c123.o(.text)
    GPIOQ2_Handler                           0x00000415   Thumb Code     2  startup_tm4c123.o(.text)
    GPIOQ3_Handler                           0x00000417   Thumb Code     2  startup_tm4c123.o(.text)
    GPIOQ4_Handler                           0x00000419   Thumb Code     2  startup_tm4c123.o(.text)
    GPIOQ5_Handler                           0x0000041b   Thumb Code     2  startup_tm4c123.o(.text)
    GPIOQ6_Handler                           0x0000041d   Thumb Code     2  startup_tm4c123.o(.text)
    GPIOQ7_Handler                           0x0000041f   Thumb Code     2  startup_tm4c123.o(.text)
    GPIOR_Handler                            0x00000421   Thumb Code     2  startup_tm4c123.o(.text)
    GPIOS_Handler                            0x00000423   Thumb Code     2  startup_tm4c123.o(.text)
    PMW1_0_Handler                           0x00000425   Thumb Code     2  startup_tm4c123.o(.text)
    PWM1_1_Handler                           0x00000427   Thumb Code     2  startup_tm4c123.o(.text)
    PWM1_2_Handler                           0x00000429   Thumb Code     2  startup_tm4c123.o(.text)
    PWM1_3_Handler                           0x0000042b   Thumb Code     2  startup_tm4c123.o(.text)
    PWM1_FAULT_Handler                       0x0000042d   Thumb Code     2  startup_tm4c123.o(.text)
    __user_initial_stackheap                 0x00000431   Thumb Code     0  startup_tm4c123.o(.text)
    __use_two_region_memory                  0x00000451   Thumb Code     2  heapauxi.o(.text)
    __rt_heap_escrow$2region                 0x00000453   Thumb Code     2  heapauxi.o(.text)
    __rt_heap_expand$2region                 0x00000455   Thumb Code     2  heapauxi.o(.text)
    __user_setup_stackheap                   0x00000457   Thumb Code    74  sys_stackheap_outer.o(.text)
    exit                                     0x000004a1   Thumb Code    18  exit.o(.text)
    __user_libspace                          0x000004b5   Thumb Code     8  libspace.o(.text)
    __user_perproc_libspace                  0x000004b5   Thumb Code     0  libspace.o(.text)
    __user_perthread_libspace                0x000004b5   Thumb Code     0  libspace.o(.text)
    _sys_exit                                0x000004bd   Thumb Code     8  sys_exit.o(.text)
    __I$use$semihosting                      0x000004c9   Thumb Code     0  use_no_semi.o(.text)
    __use_no_semihosting_swi                 0x000004c9   Thumb Code     2  use_no_semi.o(.text)
    __semihosting_library_function           0x000004cb   Thumb Code     0  indicate_semi.o(.text)
    ADC0SS3_Handler                          0x000004cd   Thumb Code   126  sensor.o(i.ADC0SS3_Handler)
    ADCIntClear                              0x00000571   Thumb Code    10  adc.o(i.ADCIntClear)
    ADCIntDisable                            0x0000057b   Thumb Code    16  adc.o(i.ADCIntDisable)
    ADCIntEnable                             0x0000058b   Thumb Code    16  adc.o(i.ADCIntEnable)
    ADCIntStatus                             0x0000059b   Thumb Code    52  adc.o(i.ADCIntStatus)
    ADCProcessorTrigger                      0x000005cf   Thumb Code    26  adc.o(i.ADCProcessorTrigger)
    ADCSequenceConfigure                     0x000005e9   Thumb Code    78  adc.o(i.ADCSequenceConfigure)
    ADCSequenceDataGet                       0x00000637   Thumb Code    36  adc.o(i.ADCSequenceDataGet)
    ADCSequenceDisable                       0x0000065b   Thumb Code    16  adc.o(i.ADCSequenceDisable)
    ADCSequenceEnable                        0x0000066b   Thumb Code    14  adc.o(i.ADCSequenceEnable)
    ADCSequenceStepConfigure                 0x00000679   Thumb Code   154  adc.o(i.ADCSequenceStepConfigure)
    Display_Char                             0x00000715   Thumb Code    14  display.o(i.Display_Char)
    Display_Decimal                          0x00000729   Thumb Code    42  display.o(i.Display_Decimal)
    Display_Init                             0x00000755   Thumb Code   102  display.o(i.Display_Init)
    Display_NewLine                          0x000007cd   Thumb Code    16  display.o(i.Display_NewLine)
    Display_String                           0x000007dd   Thumb Code    22  display.o(i.Display_String)
    GPIODirModeSet                           0x000007f3   Thumb Code    40  gpio.o(i.GPIODirModeSet)
    GPIOF_Handler                            0x0000081d   Thumb Code    92  switch.o(i.GPIOF_Handler)
    GPIOIntClear                             0x00000899   Thumb Code     6  gpio.o(i.GPIOIntClear)
    GPIOIntDisable                           0x0000089f   Thumb Code    14  gpio.o(i.GPIOIntDisable)
    GPIOIntEnable                            0x000008ad   Thumb Code    14  gpio.o(i.GPIOIntEnable)
    GPIOIntStatus                            0x000008bb   Thumb Code    14  gpio.o(i.GPIOIntStatus)
    GPIOIntTypeSet                           0x000008c9   Thumb Code    80  gpio.o(i.GPIOIntTypeSet)
    GPIOPadConfigSet                         0x00000919   Thumb Code   314  gpio.o(i.GPIOPadConfigSet)
    GPIOPinConfigure                         0x00000a55   Thumb Code    64  gpio.o(i.GPIOPinConfigure)
    GPIOPinTypeGPIOInput                     0x00000a9d   Thumb Code    28  gpio.o(i.GPIOPinTypeGPIOInput)
    GPIOPinTypeGPIOOutput                    0x00000ab9   Thumb Code    28  gpio.o(i.GPIOPinTypeGPIOOutput)
    GPIOPinTypeUART                          0x00000ad5   Thumb Code    28  gpio.o(i.GPIOPinTypeUART)
    GPIOPinWrite                             0x00000af1   Thumb Code     6  gpio.o(i.GPIOPinWrite)
    IntDisable                               0x00000af9   Thumb Code    92  interrupt.o(i.IntDisable)
    IntEnable                                0x00000b5d   Thumb Code    92  interrupt.o(i.IntEnable)
    IntMasterDisable                         0x00000bc1   Thumb Code    14  interrupt.o(i.IntMasterDisable)
    IntMasterEnable                          0x00000bcf   Thumb Code    14  interrupt.o(i.IntMasterEnable)
    IntPrioritySet                           0x00000bdd   Thumb Code    36  interrupt.o(i.IntPrioritySet)
    Led_toggle                               0x00000c05   Thumb Code    46  led.o(i.Led_toggle)
    RGB_Led_Init                             0x00000c3d   Thumb Code    62  led.o(i.RGB_Led_Init)
    Sensor_Init                              0x00000c89   Thumb Code    94  sensor.o(i.Sensor_Init)
    Switch_Init                              0x00000cf1   Thumb Code   104  switch.o(i.Switch_Init)
    SysCtlClockGet                           0x00000d69   Thumb Code   304  sysctl.o(i.SysCtlClockGet)
    SysCtlClockSet                           0x00000ebd   Thumb Code   270  sysctl.o(i.SysCtlClockSet)
    SysCtlPeripheralEnable                   0x00000fdd   Thumb Code    36  sysctl.o(i.SysCtlPeripheralEnable)
    SystemInit                               0x00001005   Thumb Code   112  system_tm4c123.o(i.SystemInit)
    TIMER_Wide_0_init                        0x0000109d   Thumb Code    98  timer.o(i.TIMER_Wide_0_init)
    TIMER_delay_No_Int                       0x00001109   Thumb Code    32  timer.o(i.TIMER_delay_No_Int)
    TimerClockSourceSet                      0x00001147   Thumb Code     6  timer.o(i.TimerClockSourceSet)
    TimerConfigure                           0x0000114d   Thumb Code    88  timer.o(i.TimerConfigure)
    TimerDisable                             0x000011ad   Thumb Code    16  timer.o(i.TimerDisable)
    TimerEnable                              0x000011bd   Thumb Code    14  timer.o(i.TimerEnable)
    TimerIntClear                            0x000011cb   Thumb Code     4  timer.o(i.TimerIntClear)
    TimerIntDisable                          0x000011cf   Thumb Code    10  timer.o(i.TimerIntDisable)
    TimerIntEnable                           0x000011d9   Thumb Code     8  timer.o(i.TimerIntEnable)
    TimerIntStatus                           0x000011e1   Thumb Code    10  timer.o(i.TimerIntStatus)
    TimerLoadSet                             0x000011eb   Thumb Code    18  timer.o(i.TimerLoadSet)
    TimerValueGet                            0x000011fd   Thumb Code    10  timer.o(i.TimerValueGet)
    UARTCharPut                              0x00001207   Thumb Code    12  uart.o(i.UARTCharPut)
    UARTClockSourceSet                       0x00001213   Thumb Code     6  uart.o(i.UARTClockSourceSet)
    UARTConfigGetExpClk                      0x00001219   Thumb Code    46  uart.o(i.UARTConfigGetExpClk)
    UARTConfigSetExpClk                      0x00001247   Thumb Code   110  uart.o(i.UARTConfigSetExpClk)
    UARTDisable                              0x000012b5   Thumb Code    30  uart.o(i.UARTDisable)
    UARTEnable                               0x000012d3   Thumb Code    20  uart.o(i.UARTEnable)
    UARTFIFOEnable                           0x000012e7   Thumb Code    10  uart.o(i.UARTFIFOEnable)
    WTIMER0A_Handler                         0x000012f1   Thumb Code   116  timer.o(i.WTIMER0A_Handler)
    main                                     0x000013ad   Thumb Code   114  main.o(i.main)
    __aeabi_dadd                             0x00001459   Thumb Code     0  daddsub_clz.o(x$fpl$dadd)
    _dadd                                    0x00001459   Thumb Code   332  daddsub_clz.o(x$fpl$dadd)
    __aeabi_ddiv                             0x000015a9   Thumb Code     0  ddiv.o(x$fpl$ddiv)
    _ddiv                                    0x000015a9   Thumb Code   552  ddiv.o(x$fpl$ddiv)
    __aeabi_d2uiz                            0x00001859   Thumb Code     0  dfixu.o(x$fpl$dfixu)
    _dfixu                                   0x00001859   Thumb Code    90  dfixu.o(x$fpl$dfixu)
    __aeabi_ui2d                             0x000018b3   Thumb Code     0  dflt_clz.o(x$fpl$dfltu)
    _dfltu                                   0x000018b3   Thumb Code    38  dflt_clz.o(x$fpl$dfltu)
    __aeabi_dmul                             0x000018d9   Thumb Code     0  dmul.o(x$fpl$dmul)
    _dmul                                    0x000018d9   Thumb Code   332  dmul.o(x$fpl$dmul)
    __fpl_dnaninf                            0x00001a2d   Thumb Code   156  dnaninf.o(x$fpl$dnaninf)
    __fpl_dretinf                            0x00001ac9   Thumb Code    12  dretinf.o(x$fpl$dretinf)
    __aeabi_drsub                            0x00001ad5   Thumb Code     0  daddsub_clz.o(x$fpl$drsb)
    _drsb                                    0x00001ad5   Thumb Code    22  daddsub_clz.o(x$fpl$drsb)
    __aeabi_dsub                             0x00001aed   Thumb Code     0  daddsub_clz.o(x$fpl$dsub)
    _dsub                                    0x00001aed   Thumb Code   464  daddsub_clz.o(x$fpl$dsub)
    _fp_init                                 0x00001cc1   Thumb Code    10  fpinit.o(x$fpl$fpinit)
    __fplib_config_fpu_vfp                   0x00001cc9   Thumb Code     0  fpinit.o(x$fpl$fpinit)
    __fplib_config_pureend_doubles           0x00001cc9   Thumb Code     0  fpinit.o(x$fpl$fpinit)
    __I$use$fp                               0x00001cca   Number         0  usenofp.o(x$fpl$usenofp)
    Region$$Table$$Base                      0x000021ac   Number         0  anon$$obj.o(Region$$Table)
    Region$$Table$$Limit                     0x000021cc   Number         0  anon$$obj.o(Region$$Table)
    Led_Color                                0x20000000   Data           1  main.o(.data)
    Baud_Rate_Read                           0x20000004   Data           4  display.o(.data)
    Sensor_Temperature                       0x20000008   Data           4  sensor.o(.data)
    Sensor_AnalogVoltage                     0x2000000c   Data           4  sensor.o(.data)
    __libspace_start                         0x20000010   Data          96  libspace.o(.bss)
    __temporary_stack_top$libspace           0x20000070   Data           0  libspace.o(.bss)



==============================================================================

Memory Map of the image

  Image Entry point : 0x0000033d

  Load Region LR_1 (Base: 0x00000000, Size: 0x000021dc, Max: 0xffffffff, ABSOLUTE)

    Execution Region ER_RO (Base: 0x00000000, Size: 0x000021cc, Max: 0xffffffff, ABSOLUTE)

    Base Addr    Size         Type   Attr      Idx    E Section Name        Object

    0x00000000   0x0000026c   Data   RO          210    RESET               startup_tm4c123.o
    0x0000026c   0x00000008   Code   RO         1886  * !!!main             c_w.l(__main.o)
    0x00000274   0x00000034   Code   RO         2070    !!!scatter          c_w.l(__scatter.o)
    0x000002a8   0x0000001a   Code   RO         2072    !!handler_copy      c_w.l(__scatter_copy.o)
    0x000002c2   0x00000002   PAD
    0x000002c4   0x0000001c   Code   RO         2074    !!handler_zi        c_w.l(__scatter_zi.o)
    0x000002e0   0x00000002   Code   RO         1940    .ARM.Collect$$libinit$$00000000  c_w.l(libinit.o)
    0x000002e2   0x00000004   Code   RO         1946    .ARM.Collect$$libinit$$00000001  c_w.l(libinit2.o)
    0x000002e6   0x00000000   Code   RO         1949    .ARM.Collect$$libinit$$00000004  c_w.l(libinit2.o)
    0x000002e6   0x00000000   Code   RO         1952    .ARM.Collect$$libinit$$0000000A  c_w.l(libinit2.o)
    0x000002e6   0x00000000   Code   RO         1954    .ARM.Collect$$libinit$$0000000C  c_w.l(libinit2.o)
    0x000002e6   0x00000000   Code   RO         1956    .ARM.Collect$$libinit$$0000000E  c_w.l(libinit2.o)
    0x000002e6   0x00000000   Code   RO         1959    .ARM.Collect$$libinit$$00000011  c_w.l(libinit2.o)
    0x000002e6   0x00000000   Code   RO         1961    .ARM.Collect$$libinit$$00000013  c_w.l(libinit2.o)
    0x000002e6   0x00000000   Code   RO         1963    .ARM.Collect$$libinit$$00000015  c_w.l(libinit2.o)
    0x000002e6   0x00000000   Code   RO         1965    .ARM.Collect$$libinit$$00000017  c_w.l(libinit2.o)
    0x000002e6   0x00000000   Code   RO         1967    .ARM.Collect$$libinit$$00000019  c_w.l(libinit2.o)
    0x000002e6   0x00000000   Code   RO         1969    .ARM.Collect$$libinit$$0000001B  c_w.l(libinit2.o)
    0x000002e6   0x00000000   Code   RO         1971    .ARM.Collect$$libinit$$0000001D  c_w.l(libinit2.o)
    0x000002e6   0x00000000   Code   RO         1973    .ARM.Collect$$libinit$$0000001F  c_w.l(libinit2.o)
    0x000002e6   0x00000000   Code   RO         1975    .ARM.Collect$$libinit$$00000021  c_w.l(libinit2.o)
    0x000002e6   0x00000000   Code   RO         1977    .ARM.Collect$$libinit$$00000023  c_w.l(libinit2.o)
    0x000002e6   0x00000000   Code   RO         1979    .ARM.Collect$$libinit$$00000025  c_w.l(libinit2.o)
    0x000002e6   0x00000000   Code   RO         1983    .ARM.Collect$$libinit$$0000002C  c_w.l(libinit2.o)
    0x000002e6   0x00000000   Code   RO         1985    .ARM.Collect$$libinit$$0000002E  c_w.l(libinit2.o)
    0x000002e6   0x00000000   Code   RO         1987    .ARM.Collect$$libinit$$00000030  c_w.l(libinit2.o)
    0x000002e6   0x00000000   Code   RO         1989    .ARM.Collect$$libinit$$00000032  c_w.l(libinit2.o)
    0x000002e6   0x00000002   Code   RO         1990    .ARM.Collect$$libinit$$00000033  c_w.l(libinit2.o)
    0x000002e8   0x00000002   Code   RO         2010    .ARM.Collect$$libshutdown$$00000000  c_w.l(libshutdown.o)
    0x000002ea   0x00000000   Code   RO         2023    .ARM.Collect$$libshutdown$$00000002  c_w.l(libshutdown2.o)
    0x000002ea   0x00000000   Code   RO         2025    .ARM.Collect$$libshutdown$$00000004  c_w.l(libshutdown2.o)
    0x000002ea   0x00000000   Code   RO         2028    .ARM.Collect$$libshutdown$$00000007  c_w.l(libshutdown2.o)
    0x000002ea   0x00000000   Code   RO         2031    .ARM.Collect$$libshutdown$$0000000A  c_w.l(libshutdown2.o)
    0x000002ea   0x00000000   Code   RO         2033    .ARM.Collect$$libshutdown$$0000000C  c_w.l(libshutdown2.o)
    0x000002ea   0x00000000   Code   RO         2036    .ARM.Collect$$libshutdown$$0000000F  c_w.l(libshutdown2.o)
    0x000002ea   0x00000002   Code   RO         2037    .ARM.Collect$$libshutdown$$00000010  c_w.l(libshutdown2.o)
    0x000002ec   0x00000000   Code   RO         1910    .ARM.Collect$$rtentry$$00000000  c_w.l(__rtentry.o)
    0x000002ec   0x00000000   Code   RO         1917    .ARM.Collect$$rtentry$$00000002  c_w.l(__rtentry2.o)
    0x000002ec   0x00000006   Code   RO         1929    .ARM.Collect$$rtentry$$00000004  c_w.l(__rtentry4.o)
    0x000002f2   0x00000000   Code   RO         1919    .ARM.Collect$$rtentry$$00000009  c_w.l(__rtentry2.o)
    0x000002f2   0x00000004   Code   RO         1920    .ARM.Collect$$rtentry$$0000000A  c_w.l(__rtentry2.o)
    0x000002f6   0x00000000   Code   RO         1922    .ARM.Collect$$rtentry$$0000000C  c_w.l(__rtentry2.o)
    0x000002f6   0x00000008   Code   RO         1923    .ARM.Collect$$rtentry$$0000000D  c_w.l(__rtentry2.o)
    0x000002fe   0x00000002   Code   RO         1944    .ARM.Collect$$rtexit$$00000000  c_w.l(rtexit.o)
    0x00000300   0x00000000   Code   RO         1992    .ARM.Collect$$rtexit$$00000002  c_w.l(rtexit2.o)
    0x00000300   0x00000004   Code   RO         1993    .ARM.Collect$$rtexit$$00000003  c_w.l(rtexit2.o)
    0x00000304   0x00000006   Code   RO         1994    .ARM.Collect$$rtexit$$00000004  c_w.l(rtexit2.o)
    0x0000030a   0x00000002   PAD
    0x0000030c   0x00000006   Code   RO          999    .emb_text           driverlib.lib(sysctl.o)
    0x00000312   0x00000002   PAD
    0x00000314   0x00000026   Code   RO         1872    .emb_text           driverlib.lib(cpu.o)
    0x0000033a   0x00000002   PAD
    0x0000033c   0x00000114   Code   RO          211  * .text               startup_tm4c123.o
    0x00000450   0x00000006   Code   RO         1884    .text               c_w.l(heapauxi.o)
    0x00000456   0x0000004a   Code   RO         1931    .text               c_w.l(sys_stackheap_outer.o)
    0x000004a0   0x00000012   Code   RO         1933    .text               c_w.l(exit.o)
    0x000004b2   0x00000002   PAD
    0x000004b4   0x00000008   Code   RO         1941    .text               c_w.l(libspace.o)
    0x000004bc   0x0000000c   Code   RO         2002    .text               c_w.l(sys_exit.o)
    0x000004c8   0x00000002   Code   RO         2013    .text               c_w.l(use_no_semi.o)
    0x000004ca   0x00000000   Code   RO         2015    .text               c_w.l(indicate_semi.o)
    0x000004ca   0x00000002   PAD
    0x000004cc   0x000000a4   Code   RO          187    i.ADC0SS3_Handler   sensor.o
    0x00000570   0x0000000a   Code   RO          290    i.ADCIntClear       driverlib.lib(adc.o)
    0x0000057a   0x00000010   Code   RO          292    i.ADCIntDisable     driverlib.lib(adc.o)
    0x0000058a   0x00000010   Code   RO          294    i.ADCIntEnable      driverlib.lib(adc.o)
    0x0000059a   0x00000034   Code   RO          297    i.ADCIntStatus      driverlib.lib(adc.o)
    0x000005ce   0x0000001a   Code   RO          302    i.ADCProcessorTrigger  driverlib.lib(adc.o)
    0x000005e8   0x0000004e   Code   RO          305    i.ADCSequenceConfigure  driverlib.lib(adc.o)
    0x00000636   0x00000024   Code   RO          308    i.ADCSequenceDataGet  driverlib.lib(adc.o)
    0x0000065a   0x00000010   Code   RO          309    i.ADCSequenceDisable  driverlib.lib(adc.o)
    0x0000066a   0x0000000e   Code   RO          310    i.ADCSequenceEnable  driverlib.lib(adc.o)
    0x00000678   0x0000009a   Code   RO          313    i.ADCSequenceStepConfigure  driverlib.lib(adc.o)
    0x00000712   0x00000002   PAD
    0x00000714   0x00000014   Code   RO          139    i.Display_Char      display.o
    0x00000728   0x0000002a   Code   RO          140    i.Display_Decimal   display.o
    0x00000752   0x00000002   PAD
    0x00000754   0x00000078   Code   RO          142    i.Display_Init      display.o
    0x000007cc   0x00000010   Code   RO          143    i.Display_NewLine   display.o
    0x000007dc   0x00000016   Code   RO          144    i.Display_String    display.o
    0x000007f2   0x00000028   Code   RO          562    i.GPIODirModeSet    driverlib.lib(gpio.o)
    0x0000081a   0x00000002   PAD
    0x0000081c   0x0000007c   Code   RO           74    i.GPIOF_Handler     switch.o
    0x00000898   0x00000006   Code   RO          563    i.GPIOIntClear      driverlib.lib(gpio.o)
    0x0000089e   0x0000000e   Code   RO          564    i.GPIOIntDisable    driverlib.lib(gpio.o)
    0x000008ac   0x0000000e   Code   RO          565    i.GPIOIntEnable     driverlib.lib(gpio.o)
    0x000008ba   0x0000000e   Code   RO          567    i.GPIOIntStatus     driverlib.lib(gpio.o)
    0x000008c8   0x00000050   Code   RO          569    i.GPIOIntTypeSet    driverlib.lib(gpio.o)
    0x00000918   0x0000013a   Code   RO          572    i.GPIOPadConfigSet  driverlib.lib(gpio.o)
    0x00000a52   0x00000002   PAD
    0x00000a54   0x00000048   Code   RO          573    i.GPIOPinConfigure  driverlib.lib(gpio.o)
    0x00000a9c   0x0000001c   Code   RO          583    i.GPIOPinTypeGPIOInput  driverlib.lib(gpio.o)
    0x00000ab8   0x0000001c   Code   RO          584    i.GPIOPinTypeGPIOOutput  driverlib.lib(gpio.o)
    0x00000ad4   0x0000001c   Code   RO          599    i.GPIOPinTypeUART   driverlib.lib(gpio.o)
    0x00000af0   0x00000006   Code   RO          605    i.GPIOPinWrite      driverlib.lib(gpio.o)
    0x00000af6   0x00000002   PAD
    0x00000af8   0x00000064   Code   RO          883    i.IntDisable        driverlib.lib(interrupt.o)
    0x00000b5c   0x00000064   Code   RO          884    i.IntEnable         driverlib.lib(interrupt.o)
    0x00000bc0   0x0000000e   Code   RO          886    i.IntMasterDisable  driverlib.lib(interrupt.o)
    0x00000bce   0x0000000e   Code   RO          887    i.IntMasterEnable   driverlib.lib(interrupt.o)
    0x00000bdc   0x00000028   Code   RO          895    i.IntPrioritySet    driverlib.lib(interrupt.o)
    0x00000c04   0x00000038   Code   RO           46    i.Led_toggle        led.o
    0x00000c3c   0x0000004c   Code   RO           47    i.RGB_Led_Init      led.o
    0x00000c88   0x00000068   Code   RO          188    i.Sensor_Init       sensor.o
    0x00000cf0   0x00000078   Code   RO           75    i.Switch_Init       switch.o
    0x00000d68   0x00000154   Code   RO         1002    i.SysCtlClockGet    driverlib.lib(sysctl.o)
    0x00000ebc   0x00000120   Code   RO         1004    i.SysCtlClockSet    driverlib.lib(sysctl.o)
    0x00000fdc   0x00000028   Code   RO         1033    i.SysCtlPeripheralEnable  driverlib.lib(sysctl.o)
    0x00001004   0x00000098   Code   RO          220    i.SystemInit        system_tm4c123.o
    0x0000109c   0x0000006c   Code   RO           97    i.TIMER_Wide_0_init  timer.o
    0x00001108   0x00000020   Code   RO           99    i.TIMER_delay_No_Int  timer.o
    0x00001128   0x0000001e   Code   RO          100    i.TIMER_reload_calculator  timer.o
    0x00001146   0x00000006   Code   RO         1344    i.TimerClockSourceSet  driverlib.lib(timer.o)
    0x0000114c   0x00000060   Code   RO         1345    i.TimerConfigure    driverlib.lib(timer.o)
    0x000011ac   0x00000010   Code   RO         1353    i.TimerDisable      driverlib.lib(timer.o)
    0x000011bc   0x0000000e   Code   RO         1354    i.TimerEnable       driverlib.lib(timer.o)
    0x000011ca   0x00000004   Code   RO         1355    i.TimerIntClear     driverlib.lib(timer.o)
    0x000011ce   0x0000000a   Code   RO         1356    i.TimerIntDisable   driverlib.lib(timer.o)
    0x000011d8   0x00000008   Code   RO         1357    i.TimerIntEnable    driverlib.lib(timer.o)
    0x000011e0   0x0000000a   Code   RO         1359    i.TimerIntStatus    driverlib.lib(timer.o)
    0x000011ea   0x00000012   Code   RO         1363    i.TimerLoadSet      driverlib.lib(timer.o)
    0x000011fc   0x0000000a   Code   RO         1377    i.TimerValueGet     driverlib.lib(timer.o)
    0x00001206   0x0000000c   Code   RO         1591    i.UARTCharPut       driverlib.lib(uart.o)
    0x00001212   0x00000006   Code   RO         1595    i.UARTClockSourceSet  driverlib.lib(uart.o)
    0x00001218   0x0000002e   Code   RO         1596    i.UARTConfigGetExpClk  driverlib.lib(uart.o)
    0x00001246   0x0000006e   Code   RO         1597    i.UARTConfigSetExpClk  driverlib.lib(uart.o)
    0x000012b4   0x0000001e   Code   RO         1600    i.UARTDisable       driverlib.lib(uart.o)
    0x000012d2   0x00000014   Code   RO         1602    i.UARTEnable        driverlib.lib(uart.o)
    0x000012e6   0x0000000a   Code   RO         1605    i.UARTFIFOEnable    driverlib.lib(uart.o)
    0x000012f0   0x000000bc   Code   RO          101    i.WTIMER0A_Handler  timer.o
    0x000013ac   0x000000ac   Code   RO            1    i.main              main.o
    0x00001458   0x00000150   Code   RO         1888    x$fpl$dadd          fz_wm.l(daddsub_clz.o)
    0x000015a8   0x000002b0   Code   RO         1895    x$fpl$ddiv          fz_wm.l(ddiv.o)
    0x00001858   0x0000005a   Code   RO         1898    x$fpl$dfixu         fz_wm.l(dfixu.o)
    0x000018b2   0x00000026   Code   RO         1902    x$fpl$dfltu         fz_wm.l(dflt_clz.o)
    0x000018d8   0x00000154   Code   RO         1908    x$fpl$dmul          fz_wm.l(dmul.o)
    0x00001a2c   0x0000009c   Code   RO         1911    x$fpl$dnaninf       fz_wm.l(dnaninf.o)
    0x00001ac8   0x0000000c   Code   RO         1913    x$fpl$dretinf       fz_wm.l(dretinf.o)
    0x00001ad4   0x00000016   Code   RO         1889    x$fpl$drsb          fz_wm.l(daddsub_clz.o)
    0x00001aea   0x00000002   PAD
    0x00001aec   0x000001d4   Code   RO         1890    x$fpl$dsub          fz_wm.l(daddsub_clz.o)
    0x00001cc0   0x0000000a   Code   RO         2000    x$fpl$fpinit        fz_wm.l(fpinit.o)
    0x00001cca   0x00000000   Code   RO         1915    x$fpl$usenofp       fz_wm.l(usenofp.o)
    0x00001cca   0x00000002   PAD
    0x00001ccc   0x00000210   Data   RO          606    .constdata          driverlib.lib(gpio.o)
    0x00001edc   0x0000010c   Data   RO          900    .constdata          driverlib.lib(interrupt.o)
    0x00001fe8   0x000001c4   Data   RO         1054    .constdata          driverlib.lib(sysctl.o)
    0x000021ac   0x00000020   Data   RO         2068    Region$$Table       anon$$obj.o


    Execution Region ER_RW (Base: 0x20000000, Size: 0x00000010, Max: 0xffffffff, ABSOLUTE)

    Base Addr    Size         Type   Attr      Idx    E Section Name        Object

    0x20000000   0x00000001   Data   RW            2    .data               main.o
    0x20000001   0x00000001   Data   RW           48    .data               led.o
    0x20000002   0x00000002   Data   RW           76    .data               switch.o
    0x20000004   0x00000004   Data   RW          145    .data               display.o
    0x20000008   0x00000008   Data   RW          189    .data               sensor.o


    Execution Region ER_ZI (Base: 0x20000010, Size: 0x00000260, Max: 0xffffffff, ABSOLUTE)

    Base Addr    Size         Type   Attr      Idx    E Section Name        Object

    0x20000010   0x00000060   Zero   RW         1942    .bss                c_w.l(libspace.o)
    0x20000070   0x00000000   Zero   RW          209    HEAP                startup_tm4c123.o
    0x20000070   0x00000200   Zero   RW          208    STACK               startup_tm4c123.o


==============================================================================

Image component sizes


      Code (inc. data)   RO Data    RW Data    ZI Data      Debug   Object Name

       220         24          0          4          0       2900   display.o
       132         24          0          1          0       1048   led.o
       172         58          0          1          0       5339   main.o
       268         48          0          8          0       1430   sensor.o
       276         24        620          0        512       5504   startup_tm4c123.o
       244         48          0          2          0       1114   switch.o
       152         40          0          0          0        617   system_tm4c123.o
       358         82          0          0          0       2344   timer.o

    ----------------------------------------------------------------------
      1824        348        652         16        512      20296   Object Totals
         0          0         32          0          0          0   (incl. Generated)
         2          0          0          0          0          0   (incl. Padding)

    ----------------------------------------------------------------------

      Code (inc. data)   RO Data    RW Data    ZI Data      Debug   Library Member Name

         8          0          0          0          0         68   __main.o
         0          0          0          0          0          0   __rtentry.o
        12          0          0          0          0          0   __rtentry2.o
         6          0          0          0          0          0   __rtentry4.o
        52          8          0          0          0          0   __scatter.o
        26          0          0          0          0          0   __scatter_copy.o
        28          0          0          0          0          0   __scatter_zi.o
        18          0          0          0          0         80   exit.o
         6          0          0          0          0        152   heapauxi.o
         0          0          0          0          0          0   indicate_semi.o
         2          0          0          0          0          0   libinit.o
         6          0          0          0          0          0   libinit2.o
         2          0          0          0          0          0   libshutdown.o
         2          0          0          0          0          0   libshutdown2.o
         8          4          0          0         96         68   libspace.o
         2          0          0          0          0          0   rtexit.o
        10          0          0          0          0          0   rtexit2.o
        12          4          0          0          0         68   sys_exit.o
        74          0          0          0          0         80   sys_stackheap_outer.o
         2          0          0          0          0         68   use_no_semi.o
       418          0          0          0          0       9010   adc.o
        38          0          0          0          0        532   cpu.o
       644          8        528          0          0       7240   gpio.o
       268         20        268          0          0       3435   interrupt.o
       674         58        452          0          0       4123   sysctl.o
       192          8          0          0          0       4779   timer.o
       234          0          0          0          0       4237   uart.o
       826         16          0          0          0        492   daddsub_clz.o
       688        140          0          0          0        256   ddiv.o
        90          4          0          0          0        140   dfixu.o
        38          0          0          0          0        116   dflt_clz.o
       340         12          0          0          0        152   dmul.o
       156          4          0          0          0        140   dnaninf.o
        12          0          0          0          0        116   dretinf.o
        10          0          0          0          0        116   fpinit.o
         0          0          0          0          0          0   usenofp.o

    ----------------------------------------------------------------------
      4928        286       1248          0         96      35468   Library Totals
        24          0          0          0          0          0   (incl. Padding)

    ----------------------------------------------------------------------

      Code (inc. data)   RO Data    RW Data    ZI Data      Debug   Library Name

       276         16          0          0         96        584   c_w.l
      2468         94       1248          0          0      33356   driverlib.lib
      2160        176          0          0          0       1528   fz_wm.l

    ----------------------------------------------------------------------
      4928        286       1248          0         96      35468   Library Totals

    ----------------------------------------------------------------------

==============================================================================


      Code (inc. data)   RO Data    RW Data    ZI Data      Debug   

      6752        634       1900         16        608      48708   Grand Totals
      6752        634       1900         16        608      48708   ELF Image Totals
      6752        634       1900         16          0          0   ROM Totals

==============================================================================

    Total RO  Size (Code + RO Data)                 8652 (   8.45kB)
    Total RW  Size (RW Data + ZI Data)               624 (   0.61kB)
    Total ROM Size (Code + RO Data + RW Data)       8668 (   8.46kB)

==============================================================================

